plain
[00:50:33] ....................................................................................................
[00:50:35] ............................i.......................................................................
[00:50:38] ....................................................................................................
[00:50:41] ....................................................................................................
[00:50:43] ..................................................F.................................................
[00:50:50] ....................................................................................................
[00:50:53] ....................................................................................................
[00:50:56] ....................................................................................................
[00:51:00] .......................i............................................................................
[00:51:00] .......................i............................................................................
[00:51:03] .................................i..................................................................
[00:51:06] ....................................................................................................
[00:51:10] ....................................................................................................
1, primary cpu clock
Aug  8 16:16:18 travis-job-51bb2f70-d7c3-4375-bc11-0fd5f8566287 kernel: [    0.000000] kvm-clock: using sched offset of 1664983161 cycles
Aug  8 16:16:18 travis-job-51bb2f70-d7c3-4375-bc11-0fd5f8566287 kernel: [    0.000000] clocksource: kvm-clock: mask: 0xffffffffffffffff max_cycles: 0x1cd42e4dffb, max_idle_ns: 881590591483 ns
Aug  8 16:16:18 travis-job-51bb2f70-d7c3-4375-bc11-0fd5f8566287 kernel: [    0.000000] Zone ranges:
Aug  8 16:16:18 travis-job-51bb2f70-d7c3-4375-bc11-0fd5f8566287 kernel: [    0.000000]   DMA      [mem 0x0000000000001000-0x0000000000ffffff]
Aug  8 16:16:18 travis-job-51bb2f70-d7c3-4375-bc11-0fd5f8566287 kernel: [    0.000000]   DMA32    [mem 0x0000000001000000-0x00000000ffffffff]
Aug  8 16:16:18 travis-job-51bb2f70-d7c3-4375-bc11-0fd5f8566287 kernel: [    0.000000]   Normal   [mem 0x0000000100000000-0x00000003ffffffff]
Aug  8 16:16:18 travis-job-51bb2f70-d7c3-4375-bc11-0fd5f8566287 kernel: [    0.000000]   Device   empty
Aug  8 16:16:18 travis-job-51bb2f70-d7c3-4375-bc11-0fd5f8566287 kernel: [    0.000000] Movable zone start for each node
Aug  8 16:16:18 travis-job-51bb2f70-d7c3-4375-bc11-0fd5f8566287 kernel: [    0.000000] Early memory node ranges
Aug  8 16:16:18 travis-job-51bb2f70-d7c3-4375-bc11-0fd5f8566287 kernel: [    0.000000]   node   0: [mem 0x0000000000001000-0x000000000009efff]
Aug  8 16:16:18 travis-job-51bb2f70-d7c3-4375-bc11-0fd5f8566287 kernel: [    0.000000]   node   0: [mem 0x0000000000100000-0x00000000bfff2fff]
Aug  8 16:16:18 travis-job-51bb2f70-d7c3-4375-bc11-0fd5f8566287 kernel: [    0.000000]   node   0: [mem 0x0000000100000000-0x00000003ffffffff] version 17, address 0xfec00000, GSI 0-23
Aug  8 16:16:18 travis-job-51bb2f70-d7c3-4375-bc11-0fd5f8566287 kernel: [    0.000000] ACPI: INT_SRC_OVR (bus 0 bus_irq 5 global_irq 5 high level)
Aug  8 16:16:18 travis-job-51bb2f70-d7c3-4375-bc11-0fd5f8566287 kernel: [    0.000000] ACPI: INT_SRC_OVR (bus 0 bus_irq 9 global_irq 9 high level)
Aug  8 16:16:18 travis-job-51bb2f70-d7c3-4375-bc11-0fd5f8566287 kernel: [    0.000000] ACPI: INT_SRC_OVR (bus 0 bus_irq 10 global_irq 10 high level)
Aug  8 16:16:18 travis-job-51bb2f70-d7c3-4375-bc11-0fd5f8566287 kernel: [    0.000000] ACPI: INT_SRC_OVR (bus 0 bus_irq 11 global_irq 11 high level)
Aug  8 16:16:18 travis-job-51bb2f70-d7c3-4375-bc11-0fd5f8566287 kernel: [    0.000000] ACPI: IRQ5 used by override.
Aug  8 16:16:18 travis-job-51bb2f70-d7c3-4375-bc11-0fd5f8566287 kernel: [    0.000000] ACPI: IRQ9 used by override.
Aug  8 16:16:18 travis-job-51bb2f70-d7c3-4375-bc11-0fd5f8566287 kernel: [    0.000000] ACPI: IRQ10 used by override.
Aug  8 16:16:18 travis-job-51bb2f70-d7c3-4375-bc11-0fd5f8566287 kernel: [    0.000000] ACPI: IRQ11 used by override.
Aug  8 16:16:18 travis-job-51bb2f70-d7c3-4375-bc11-0fd5f8566287 kernel: [    0.000000] Using ACPI (MADT) for SMP configuration information
Aug  8 16:16:18 travis-job-51bb2f70-d7c3-4375-bc11-0fd5f8566287 kernel: [    0.000000] smpboot: Allowing 4 CPUs, 0 hotplug CPUs
Aug  8 16:16:18 travis-job-51bb2f70-d7c3-4375-bc11-0fd5f8566287 kernel: [    0.000000] PM: Registered nosave memory: [mem 0x00000000-0x00000fff]
Aug  8 16:16:18 travis-job-51bb2f70-d7c3-4375-bc11-0fd5f8566287 kernel: [    0.000000] PM: Registered nosave memory: [mem 0x0009f000-0x0009ffff]
Aug  8 16:16:18 travis-job-51bb2f70-d7c3-4375-bc11-0fd5f8566287 kernel: [    0.000000] PM: Registered nosave memory: [mem 0x000a0000-0x000effff]
Aug  8 16:16:18 travis-job-51bb2f70-d7c3-4375-bc11-0fd5f8566287 kernel: [    0.000000] PM: Registered nosave memory: [mem 0x000f0000-0x000fffff]
Aug  8 16:16:18 travis-job-51bb2f70-d7c3-4375-bc11-0fd5f8566287 kernel: [    0.000000] PM: Registered nosave memory: [mem 0xbfff3000-0xbfffffff]
Aug  8 16:16:18 travis-job-51bb2f70-d7c3-4375-bc11-0fd5f8566287 kernel: [    0.000000] PM: Registered nosave memory: [mem 0xc0000000-0xfffbbfff]
Aug  8 16:16:18 travis-job-51bb2f70-d7c3-4375-bc11-0fd5f8566287 kernel: [    0.000000] PM: Registered nosave memory: [mem 0xfffbc000-0xffffffff]
Aug  8 16:16:18 travis-job-51bb2f70-d7c3-4375-bc11-0fd5f8566287 kernel: [    0.000000] e820: [mem 0xc0000000-0xfffbbfff] available for PCI devices
Aug  8 16:16:18 travis-job-51bb2f70-d7c3-4375-bc11-0fd5f8566287 kernel: [    0.000000] Booting paravirtualized kernel on KVM
Aug  8 16:16:18 travis-job-51bb2f70-d7c3-4375-bc11-0fd5f8566287 kernel: [    0.000000] clocksource: refined-jiffies: mask: 0xffffffff max_cycles: 0xffffffff, max_idle_ns: 7645519600211568 ns
Aug  8 16:16:18 travis-job-51bb2f70-d7c3-4375-bc11-0fd5f8566287 kernel: [    0.000000] setup_percpu: NR_CPUS:512 nr_cpumask_bits:512 nr_cpu_ids:4 nr_node_ids:1
Aug  8 16:16:18 travis-job-51bb2f70-d7c3-4375-bc11-0fd5f8566287 kernel: [    0.000000] PERCPU: Embedded 34 pages/cpu @ffff8803ffc00000 s98392 r8192 d32680 u524288
Aug  8 16:16:18 travis-job-51bb2f70-d7c3-4375-bc11-0fd5f8566287 kernel: [    0.000000] pcpu-alloc: s98392 r8192 d32680 u524288 alloc=1*2097152
Aug  8 16:16:18 travis-job-51bb2f70-d7c3-4375-bc11-0fd5f8566287 kernel: [    0.000000] pcpu-alloc: [0] 0 1 2 3 
Aug  8 16:16:18 travis-job-51bb2f70-d7c3-4375-bc11-0fd5f8566287 kernel: [    0.000000] Built 1 zonelists in Node order, mobility grouping on.  Total pages: 3870588
Aug  8 16:16:18 travis-job-51bb2f70-d7c3-4375-bc11-0fd5f8566287 kernel: [    0.000000] Policy zone: Normal
Aug  8 16:16:18 travis-job-51bb2f70-d7c3-4375-bc11-0fd5f8566287 kernel: [    0.000000] Kernel command line: BOOT_IMAGE=/boot/vmlinuz-4.4.0-101-generic root=UUID=752b4ef1-0512-4cae-b541-f03ffd29be1b ro cgroup_enable=memory swapaccount=1 apparmor=0 console=ttyS0 console=ttyS0
Aug  8 16:16:18 travis-job-51bb2f70-d7c3-4375-bc11-0fd5f8566287 kernel: [    0.000000] PID hash table entries: 4096 (order: 3, 32768 bytes)
Aug  8 16:16:18 travis-job-51bb2f70-d7c3-4375-bc11-0fd5f8566287 kernel: [    0.000000] Calgary: detecting Calgary via BIOS EBDA area
Aug  8 16:16:18 travis-job-51bb2f70-d7c3-4375-bc11-0fd5f8566287 kernel: [    0.000000] Calgary: Unable to locate Rio Grande table in EBDA - bailing!
Aug  8 16:16:18 travis-job-51bb2f70-d7c3-4375-bc11-0fd5f8566287 kernel: [    0.000000] Memory: 15375492K/15728196K available (8272K kernel code, 1304K rwdata, 4004K rodata, 1496K init, 1316K bss, 352704K reserved, 0K cma-reserved)
Aug  8 16:16:18 travis-job-51bb2f70-d7c3-4375-bc11-0fd5f8566287 kernel: [    0.000000] SLUB: HWalign=64, Order=0-3, MinObjects=0, CPUs=4, Nodes=1
Aug  8 16:16:18 travis-job-51bb2f70-d7c3-4375-bc11-0fd5f8566287 kernel: [    0.000000] Hierarchical RCU implementation.
Aug  8 16:16:18 travis-job-51bb2f70-dd5f8566287 kernel: [    0.822384] ..TIMER: vector=0x30 apic1=0 pin1=0 apic2=-1 pin2=-1
Aug  8 16:16:18 travis-job-51bb2f70-d7c3-4375-bc11-0fd5f8566287 kernel: [    0.932899] smpboot: CPU0: Intel(R) Xeon(R) CPU @ 2.30GHz (family: 0x6, model: 0x3f, stepping: 0x0)
Aug  8 16:16:18 travis-job-51bb2f70-d7c3-4375-bc11-0fd5f8566287 kernel: [    0.938336] Performance Events: unsupported p6 CPU model 63 no PMU driver, software events only.
Aug  8 16:16:18 travis-job-51bb2f70-d7c3-4375-bc11-0fd5f8566287 kernel: [    0.944486] x86: Booting SMP configuration:
Aug  8 16:16:18 travis-job-51bb2f70-d7c3-4375-bc11-0fd5f8566287 kernel: [    0.946836] .... node  #0, CPUs:      #1
Aug  8 16:16:18 travis-job-51bb2f70-d7c3-4375-bc11-0fd5f8566287 kernel: [    0.949813] kvm-clock: cpu 1, msr 3:ffff1041, secondary cpu clock
Aug  8 16:16:18 travis-job-51bb2f70-d7c3-4375-bc11-0fd5f8566287 kernel: [    0.957343]  #2
Aug  8 16:16:18 travis-job-51bb2f70-d7c3-4375-bc11-0fd5f8566287 kernel: [    0.958540] kvm-clock: cpu 2, msr 3:ffff1081, secondary cpu clock
Aug  8 16:16:18 travis-job-51bb2f70-d7c3-4375-bc11-0fd5f8566287 kernel: [    0.966075]  #3
Aug  8 16:16:18 travis-job-51bb2f70-d7c3-4375-bc11-0fd5f8566287 kernel: [    0.967606] kvm-clock: cpu 3, msr 3:ffff10c1, secondary cpu clock
Aug  8 16:16:18 travis-job-51bb2f70-d7c3-4375-bc11-0fd5f8566287 kernel: [    0.975124] x86: Booted up 1 node, 4 CPUs
Aug  8 16:16:18 travis-job-51bb2f70-d7c3-4375-bc11-0fd5f8566287 kernel: [    0.977681] smpboot: Total of 4 processors activated (18400.00 BogoMIPS)
Aug  8 16:16:18 travis-job-51bb2f70-d7c3-4375-bc11-0fd5f8566287 kernel: [    0.983198] devtmpfs: initi1-0fd5f8566287 kernel: [    1.126945] PCI: Using host bridge windows from ACPI; if necessary, use "pci=nocrs" and report a bug
Aug  8 16:16:18 travis-job-51bb2f70-d7c3-4375-bc11-0fd5f8566287 kernel: [    1.160658] ACPI: PCI Root Bridge [PCI0] (domain 0000 [bus 00-ff])
Aug  8 16:16:18 travis-job-51bb2f70-d7c3-4375-bc11-0fd5f8566287 kernel: [    1.163935] acpi PNP0A03:00: _OSC: OS supports [ASPM ClockPM Segments MSI]
Aug  8 16:16:18 travis-job-51bb2f70-d7c3-4375-bc11-0fd5f8566287 kernel: [    1.169408] acpi PNP0A03:00: _OSC failed (AE_NOT_FOUND); disabling ASPM
Aug  8 16:16:18 travis-job-51bb2f70-d7c3-4375-bc11-0fd5f8566287 kernel: [    1.173957] acpi PNP0A03:00: fail to add MMCONFIG information, can't access extended PCI configuration space under this bridge.
Aug  8 16:16:18 travis-job-51bb2f70-d7c3-4375-bc11-0fd5f8566287 kernel: [    1.181221] PCI host bridge to bus 0000:00
Aug  8 16:16:18 travis-job-51bb2f70-d7c3-4375-bc11-0fd5f8566287 kernel: [    1.183903] pci_bus 0000:00: root bus resource [io  0x0000-0x0cf7 window]
Aug  8 16:16:18 travis-job-51bb2f70-d7c3-4375-bc11-0fd5f8566287 kernel: [    1.189284] pci_bus 0000:00: root bus resource [io  0x0d00-0xffff window]
Aug  8 16:16:18 travis-job-51bb2f70-d7c3-4375-bc11-0fd5f8566287 kernel: [    1.193276] pci_bus 0000:00: root bus resource [mem 0x000a0000-0x000bffff window]
Aug  8 16:16:18 travis-job-51bb2f70-d7c3-4375-bc11-0fd5f8566287 kernel: [    1.198115] pci_bus 0000:00: root bus resource [mem 0xc0000000-0xfebfffff window]
Aug  8 16:16:18 travis-job-51bb2f70-d7c3-4375-bc11-0fd5f8566287 kernel: [    1.202416] pci_bus 0000:00: root bus resource [bus 00-ff]
Aug  8 16 Link [LNKB] (IRQs 5 *10 11)
Aug  8 16:16:18 travis-job-51bb2f70-d7c3-4375-bc11-0fd5f8566287 kernel: [    1.363065] ACPI: PCI Interrupt Link [LNKC] (IRQs 5 10 *11)
Aug  8 16:16:18 travis-job-51bb2f70-d7c3-4375-bc11-0fd5f8566287 kernel: [    1.368936] ACPI: PCI Interrupt Link [LNKD] (IRQs 5 10 *11)
Aug  8 16:16:18 travis-job-51bb2f70-d7c3-4375-bc11-0fd5f8566287 kernel: [    1.374923] ACPI: PCI Interrupt Link [LNKS] (IRQs *9)
Aug  8 16:16:18 travis-job-51bb2f70-d7c3-4375-bc11-0fd5f8566287 kernel: [    1.397937] ACPI: Enabled 16 GPEs in block 00 to 0F
Aug  8 16:16:18 travis-job-51bb2f70-d7c3-4375-bc11-0fd5f8566287 kernel: [    1.401580] vgaarb: loaded
Aug  8 16:16:18 travis-job-51bb2f70-d7c3-4375-bc11-0fd5f8566287 kernel: [    1.404061] SCSI subsystem initialized
Aug  8 16:16:18 travis-job-51bb2f70-d7c3-4375-bc11-0fd5f8566287 kernel: [    1.406390] libata version 3.00 loaded.
Aug  8 16:16:18 travis-job-51bb2f70-d7c3-4375-bc11-0fd5f8566287 kernel: [    1.406419] ACPI: bus type USB registered
Aug  8 16:16:18 travis-job-51bb2f70-d7c3-4375-bc11-0fd5f8566287 kernel: [    1.408936] usbcore: registered new interface driver usbfs
Aug  8 16:16:18 travis-job-51bb2f70-d7c3-4375-bc11-0fd5f8566287 kernel: [    1.412097] usbcore: registered new interface driver hub
Aug  8 16:16:18 travis-job-51bb2f70-d7c3-4375-bc11-0fd5f8566287 kernel: [    1.414996] usbcore: registered new device driver usb
Aug  8 16:16:18 travis-job-51bb2f70-d7c3-4375-bc11-0fd5f8566287 kernel: [    1.417935] ioremap error for 0xbfffd000-0xc0000000, requested 0x2, got 0x0
Aug  8 16:16:18 travis-job-51bb2f70-d7c3-4375-bc11-0fd5f8566287 kernel: [    1.422103] dmi:50/16550 driver, 32 ports, IRQ sharing enabled
Aug  8 16:16:18 travis-job-51bb2f70-d7c3-4375-bc11-0fd5f8566287 kernel: [    3.735201] 00:03: ttyS0 at I/O 0x3f8 (irq = 4, base_baud = 115200) is a 16550A
Aug  8 16:16:18 travis-job-51bb2f70-d7c3-4375-bc11-0fd5f8566287 kernel: [    3.760784] 00:04: ttyS1 at I/O 0x2f8 (irq = 3, base_baud = 115200) is a 16550A
Aug  8 16:16:18 travis-job-51bb2f70-d7c3-4375-bc11-0fd5f8566287 kernel: [    3.787426] 00:05: ttyS2 at I/O 0x3e8 (irq = 6, base_baud = 115200) is a 16550A
Aug  8 16:16:18 travis-job-51bb2f70-d7c3-4375-bc11-0fd5f8566287 kernel: [    3.813119] 00:06: ttyS3 at I/O 0x2e8 (irq = 7, base_baud = 115200) is a 16550A
Aug  8 16:16:18 travis-job-51bb2f70-d7c3-4375-bc11-0fd5f8566287 kernel: [    3.819404] Linux agpgart interface v0.103
Aug  8 16:16:18 travis-job-51bb2f70-d7c3-4375-bc11-0fd5f8566287 kernel: [    3.826825] loop: module loaded
Aug  8 16:16:18 travis-job-51bb2f70-d7c3-4375-bc11-0fd5f8566287 kernel: [    3.829422] libphy: Fixed MDIO Bus: probed
Aug  8 16:16:18 travis-job-51bb2f70-d7c3-4375-bc11-0fd5f8566287 kernel: [    3.831953] tun: Universal TUN/TAP device driver, 1.6
Aug  8 16:16:18 travis-job-51bb2f70-d7c3-4375-bc11-0fd5f8566287 kernel: [    3.835145] tun: (C) 1999-2004 Max Krasnyansky <maxk@qualcomm.com>
Aug  8 16:16:18 travis-job-51bb2f70-d7c3-4375-bc11-0fd5f8566287 kernel: [    3.885700] PPP generic driver version 2.4.2
Aug  8 16:16:18 travis-job-51bb2f70-d7c3-4375-bc11-0fd5f8566287 kernel: [    3.888150] ehci_hcd: USB 2.0 'Enhanced' Host Controller (EHCI) Driver
Aug  8 16:16:18 travis-job-51bb2f70-d7c3-4375-bc11-0fd5f8566287 kernel: [    3.891664] ehci-pc 8 16:16:18 travis-job-51bb2f70-d7c3-4375-bc11-0fd5f8566287 kernel: [    3.935596] rtc_cmos 00:00: alarms up to one day, 114 bytes nvram
Aug  8 16:16:18 travis-job-51bb2f70-d7c3-4375-bc11-0fd5f8566287 kernel: [    3.939480] i2c /dev entries driver
Aug  8 16:16:18 travis-job-51bb2f70-d7c3-4375-bc11-0fd5f8566287 kernel: [    3.941814] device-mapper: uevent: version 1.0.3
Aug  8 16:16:18 travis-job-51bb2f70-d7c3-4375-bc11-0fd5f8566287 kernel: [    3.944731] device-mapper: ioctl: 4.34.0-ioctl (2015-10-28) initialised: dm-devel@redhat.com
Aug  8 16:16:18 travis-job-51bb2f70-d7c3-4375-bc11-0fd5f8566287 kernel: [    3.948888] ledtrig-cpu: registered to indicate activity on CPUs
Aug  8 16:16:18 travis-job-51bb2f70-d7c3-4375-bc11-0fd5f8566287 kernel: [    3.953162] NET: Registered protocol family 10
Aug  8 16:16:18 travis-job-51bb2f70-d7c3-4375-bc11-0fd5f8566287 kernel: [    3.955895] NET: Registered protocol family 17
Aug  8 16:16:18 travis-job-51bb2f70-d7c3-4375-bc11-0fd5f8566287 kernel: [    3.958254] Key type dns_resolver registered
Aug  8 16:16:18 travis-job-51bb2f70-d7c3-4375-bc11-0fd5f8566287 kernel: [    3.961044] microcode: CPU0 sig=0x306f0, pf=0x1, revision=0x1
Aug  8 16:16:18 travis-job-51bb2f70-d7c3-4375-bc11-0fd5f8566287 kernel: [    3.963529] microcode: CPU1 sig=0x306f0, pf=0x1, revision=0x1
Aug  8 16:16:18 travis-job-51bb2f70-d7c3-4375-bc11-0fd5f8566287 kernel: [    3.966527] microcode: CPU2 sig=0x306f0, pf=0x1, revision=0x1
Aug  8 16:16:18 travis-job-51bb2f70-d7c3-4375-bc11-0fd5f8566287 kernel: [    3.969314] microcode: CPU3 sig=0x306f0, pf=0x1, revision=0x1
Aug  8 16:16:18 travis-job-51bb2f70-d7c3-4375-bc11-0fd5f8566287 kernel: [    3.972169] microcode: Microcode Update Driver: v2.01 <tigran@aivazian.fsnet.co.uk>, Peter Oruba
Aug  8 16:16:18 travis-job-51bb2f70-d7c3-4375-bc11-0fd5f8566287 kernel: [    3.977703] registered taskstats version 1
Aug  8 16:16:18 travis-job-51bb2f70-d7c3-4375-bc11-0fd5f8566287 kernel: [    3.979719] Loading compiled-in X.509 certificates
Aug  8 16:16:18 travis-job-51bb2f70-d7c3-4375-bc11-0fd5f8566287 kernel: [    3.983532] Loaded X.509 cert 'Build time autogenerated kernel key: 56232512f0584176d25dbc659499b922e518c1c1'
Aug  8 16:16:18 travis-job-51bb2f70-d7c3-4375-bc11-0fd5f8566287 kernel: [    3.988561] zswap: loaded using pool lzo/zbud
Aug  8 16:16:18 travis-job-51bb2f70-d7c3-4375-bc11-0fd5f8566287 kernel: [    3.993218] Key type trusted registered
Aug  8 16:16:18 travis-job-51bb2f70-d7c3-4375-bc11-0fd5f8566287 kernel: [    4.000145] Key type encrypted registered
Aug  8 16:16:18 travis-job-51bb2f70-d7c3-4375-bc11-0fd5f8566287 kernel: [    4.002078] ima: No TPM chip found, activating TPM-bypass!
Aug  8 16:16:18 travis-job-51bb2f70-d7c3-4375-bc11-0fd5f8566287 kernel: [    4.005297] evm: HMAC attrs: 0x1
Aug  8 16:16:18 travis-job-51bb2f70-d7c3-4375-bc11-0fd5f8566287 kernel: [    4.007701]   Magic number: 14:30:287
Aug  8 16:16:18 travis-job-51bb2f70-d7c3-4375-bc11-0fd5f8566287 kernel: [    4.010318] tty tty20: hash matches
Aug  8 16:16:18 travis-job-51bb2f70-d7c3-4375-bc11-0fd5f8566287 kernel: [    4.012699] acpi PNP0400:00: hash matches
Aug  8 16:16:18 travis-job-51bb2f70-d7c3-4375-bc11-0fd5f8566287 kernel: [    4.015158] rtc_cmos 00:00: setting system clock to 2018-08-08 16:16:10 UTC (1533744970)
Aug  8 16:16:18 travis-job-51bb2f70-d7c3-4375-bc11-0fd5f8566287 kernel: [    4.019721] BIOS EDD facility v0.16 2004-Jun-25, 0 devices found
Aug  8 16:16:18 travis-job-51bb2f70-d7c3-4375-bc11-0fd5f8566287 kernel: [    4.022817] EDD information not available.
Aug  8 16:16:18 travis-job-51bb2f70-d7c3-4375-bc11-0fd5f8566287 kernel: [    4.024837] PM: Hibernation image not present or could not be loaded.
Aug  8 16:16:18 travis-job-51bb2f70-d7c3-4375-bc11-0fd5f8566287 kernel: [    4.026277] Freeing unused kernel memory: 1496K
Aug  8 16:16:18 travis-job-51bb2f70-d7c3-4375-bc11-0fd5f8566287 kernel: [    4.028854] Write protecting the kernel read-only data: 14336k
Aug  8 16:16:18 travis-job-51bb2f70-d7c3-4375-bc11-0fd5f8566287 kernel: [    4.033177] Freeing unused kernel memory: 1956K
Aug  8 16:16:18 travis-job-51bb2f70-d7c3-4375-bc11-0fd5f8566287 kernel: [    4.035724] Freeing unused kernel memory: 92K
Aug  8 16:16:18 travis-job-51bb2f70-d7c3-4375-bc11-0fd5f8566287 kernel: [    4.054194] systemd-udevd[120]: starting version 204
Aug  8 16:16:18 travis-job-51bb2f70-d7c3-4375-bc11-0fd5f8566287 kernel: [    4.116852] scsi host0: Virtio SCSI HBA
Aug  8 16:16:18 travis-job-51bb2f70-d7c3-4375-bc11-0fd5f8566287 kernel: [    4.125057] input: AT Translated Set 2 keyboard as /devices/platform/i8042/serio0/input/input2
Aug  8 16:16:18 travis-job-51bb2f70-d7c3-4375-bc11-0fd5f8566287 kernel: [    4.130228] scsi 0:0:1:0: Direct-Access     Google   PersistentDisk   1    PQ: 0 ANSI: 6
Aug  8 16:16:18 travis-job-51bb2f70-d7c3-4375-bc11-0fd5f8566287 kernel: [    4.141137] AVX2 version of gcm_enc/dec engaged.
Aug  8 16:16:18 travs/platform/i8042/serio1/input/input4
Aug  8 16:16:18 travis-job-51bb2f70-d7c3-4375-bc11-0fd5f8566287 kernel: [    7.096775] floppy0: no floppy controllers found
Aug  8 16:16:18 travis-job-51bb2f70-d7c3-4375-bc11-0fd5f8566287 kernel: [    8.260523] raid6: sse2x1   gen()  9040 MB/s
Aug  8 16:16:18 travis-job-51bb2f70-d7c3-4375-bc11-0fd5f8566287 kernel: [    8.328524] raid6: sse2x1   xor()  6707 MB/s
Aug  8 16:16:18 travis-job-51bb2f70-d7c3-4375-bc11-0fd5f8566287 kernel: [    8.396523] raid6: sse2x2   gen() 10938 MB/s
Aug  8 16:16:18 travis-job-51bb2f70-d7c3-4375-bc11-0fd5f8566287 kernel: [    8.464526] raid6: sse2x2   xor()  7359 MB/s
Aug  8 16:16:18 travis-job-51bb2f70-d7c3-4375-bc11-0fd5f8566287 kernel: [    8.532537] raid6: sse2x4   gen() 12811 MB/s
Aug  8 16:16:18 travis-job-51bb2f70-d7c3-4375-bc11-0fd5f8566287 kernel: [    8.600530] raid6: sse2x4   xor()  8958 MB/s
Aug  8 16:16:18 travis-job-51bb2f70-d7c3-4375-bc11-0fd5f8566287 kernel: [    8.668537] raid6: avx2x1   gen() 17333 MB/s
Aug  8 16:16:18 travis-job-51bb2f70-d7c3-4375-bc11-0fd5f8566287 kernel: [    8.736532] raid6: avx2x2   gen() 20348 MB/s
Aug  8 16:16:18 travis-job-51bb2f70-d7c3-4375-bc11-0fd5f8566287 kernel: [    8.804531] raid6: avx2x4   gen() 23329 MB/s
Aug  8 16:16:18 travis-job-51bb2f70-d7c3-4375-bc11-0fd5f8566287 kernel: [    8.805615] raid6: using algorithm avx2x4 gen() 23329 MB/s
Aug  8 16:16:18 travis-job-51bb2f70-d7c3-4375-bc11-0fd5f8566287 kernel: [    8.806753] raid6: using avx2x2 recovery algorithm
Aug  8 16:16:18 travis-job-51bb2f70-d7c3-4375-bc11-0fd5f8566287 kernel: [    8.808861] xor: automatically using best checksumming function:
Aug  8 16:16:18 travis-job-51bb2f70-d7c3-4375-bc11-0fd5f8566287 kernel: [    8.848531]    avx       : 27600.000 MB/sec
Aug  8 16:16:18 travis-job-51bb2f70-d7c3-4375-bc11-0fd5f8566287 kernel: [    8.862428] Btrfs loaded
Aug  8 16:16:18 travis-job-51bb2f70-d7c3-4375-bc11-0fd5f8566287 kernel: [    8.902427] EXT4-fs (sda1): INFO: recovery required on readonly filesystem
Aug  8 16:16:18 travis-job-51bb2f70-d7c3-4375-bc11-0fd5f8566287 kernel: [    8.903772] EXT4-fs (sda1): write access will be enabled during recovery
Aug  8 16:16:18 travis-job-51bb2f70-d7c3-4375-bc11-0fd5f8566287 kernel: [    8.972625] EXT4-fs (sda1): orphan cleanup on readonly fs
Aug  8 16:16:18 travis-job-51bb2f70-d7c3-4375-bc11-0fd5f8566287 kernel: [    8.978446] EXT4-fs (sda1): 6 orphan inodes deleted
Aug  8 16:16:18 travis-job-51bb2f70-d7c3-4375-bc11-0fd5f8566287 kernel: [    8.979247] EXT4-fs (sda1): recovery complete
Aug  8 16:16:18 travis-job-51bb2f70-d7c3-4375-bc11-0fd5f8566287 kernel: [    8.984144] EXT4-fs (sda1): mounted filesystem with ordered data mode. Opts: (null)
Aug  8 16:16:18 travis-job-51bb2f70-d7c3-4375-bc11-0fd5f8566287 kernel: [    9.189120] random: init: uninitialized urandom read (12 bytes read, 27 bits of entropy available)
Aug  8 16:16:18 travis-job-51bb2f70-d7c3-4375-bc11-0fd5f8566287 kernel: [    9.302443] random: mountall: uninitialized urandom read (12 bytes read, 31 bits of entropy available)
Aug  8 16:16:18 travis-job-51bb2f70-d7c3-4375-bc11-0fd5f8566287 kernel: [    9.351514] EXT4-fs (sda1): re-mounted. Opts: (null)
Aug  8 16:16:18 travis-job-51bb2f70-d7c3-4375-bc11-0fd5f8566287 kernel: [    9.554569] random: cloud-in4.399612] cgroup: docker-runc (4900) created nested cgroup for controller "memory" which has incomplete hierarchy support. Nested cgroups may change behavior in the future.
Aug  8 16:20:20 travis-job-51bb2f70-d7c3-4375-bc11-0fd5f8566287 kernel: [  254.399616] cgroup: "memory" requires setting use_hierarchy to 1 on the root
Aug  8 16:20:20 travis-job-51bb2f70-d7c3-4375-bc11-0fd5f8566287 kernel: [  254.486808] eth0: renamed from vethee0fa51
Aug  8 16:20:21 travis-job-51bb2f70-d7c3-4375-bc11-0fd5f8566287 kernel: [  254.530466] IPv6: ADDRCONF(NETDEV_UP): eth0: link is not ready
Aug  8 16:20:21 travis-job-51bb2f70-d7c3-4375-bc11-0fd5f8566287 kernel: [  254.531906] docker0: port 1(vethfcf2c7f) entered forwarding state
Aug  8 16:20:21 travis-job-51bb2f70-d7c3-4375-bc11-0fd5f8566287 kernel: [  254.531936] docker0: port 1(vethfcf2c7f) entered forwarding state
Aug  8 16:20:21 travis-job-51bb2f70-d7c3-4375-bc11-0fd5f8566287 kernel: [  254.531957] IPv6: ADDRCONF(NETDEV_CHANGE): docker0: link becomes ready
Aug  8 16:20:24 travis-job-51bb2f70-d7c3-4375-bc11-0fd5f8566287 ntpd[1886]: Listen normally on 5 docker0 fe80::42:e9ff:fee8:9696 UDP 123
Aug  8 16:20:24 travis-job-51bb2f70-d7c3-4375-bc11-0fd5f8566287 ntpd[1886]: Listen normally on 6 docker0 fe80::1 UDP 123
Aug  8 16:20:24 travis-job-51bb2f70-d7c3-4375-bc11-0fd5f8566287 ntpd[1886]: Listen normally on 7 docker0 fd9a:8454:6789:13f7::1 UDP 123
Aug  8 16:20:24 travis-job-51bb2f70-d7c3-4375-bc11-0fd5f8566287 ntpd[1886]: peers refreshed
Aug  8 16:20:24 travis-job-51bb2f70-d7c3-4375-bc11-0fd5f8566287 ntpd[1886]: new interface(s) found: waking up resolver
Aug  8 16:20:36 travis-job-travis_time:start:24594172
