plain
[00:52:21] ....................................................................................................
[00:52:25] ...............................................................................................i....
[00:52:28] ....................................................................................................
[00:52:31] ....................................................................................................
[00:52:34] ............................................iiiiiiiii...............................................
[00:52:40] ....................................................................................................
[00:52:44] ....................................................................................................
[00:52:47] .......................i............................................................................
[00:52:50] ..........................i...............................................i.i..ii...................
---
[01:24:12] travis_fold:end:stage0-linkchecker

[01:24:12] travis_time:end:stage0-linkchecker:start=1534353349868563033,finish=1534353352601855406,duration=2733292373

[01:24:15] std/io/struct.BufWriter.html:4: broken link fragment `#method.write` pointing to `std/net/struct.TcpStream.html`
[01:24:15] std/io/struct.BufWriter.html:15: broken link fragment `#method.flush` pointing to `std/io/struct.BufWriter.html`
[01:24:15] std/io/struct.BufReader.html:3: broken link fragment `#method.read` pointing to `std/net/struct.TcpStream.html`
[01:24:17] std/collections/hash_map/struct.IntoIter.html:2: broken link fragment `#method.into_iter` pointing to `std/collections/hash_map/struct.HashMap.html`
[01:24:17] std/collections/struct.HashMap.html:17: broken link fragment `#method.default` pointing to `std/collections/struct.HashMap.html`
[01:24:18] std/collections/hash_set/struct.IntoIter.html:2: broken link fragment `#method.into_iter` pointing to `std/collections/hash_set/struct.HashSet.html`
[01:24:18] std/ffi/struct.CString.html:19: broken link fragment `#method.as_ptr` pointing to `std/ffi/struct.CString.html`
[01:24:21] core/option/struct.IntoIter.html:3: broken link fragment `#method.into_iter` pointing to `core/option/enum.Option.html`
is-job-764af906-bdb8-43ea-bf25-f7fee2e06ac3 kernel: [    0.000000] ACPI: Local APIC address 0xfee00000
Aug 15 15:49:05 travis-job-764af906-bdb8-43ea-bf25-f7fee2e06ac3 kernel: [    0.000000] SRAT: PXM 0 -> APIC 0x00 -> Node 0
Aug 15 15:49:05 travis-job-764af906-bdb8-43ea-bf25-f7fee2e06ac3 kernel: [    0.000000] SRAT: PXM 0 -> APIC 0x01 -> Node 0
Aug 15 15:49:05 travis-job-764af906-bdb8-43ea-bf25-f7fee2e06ac3 kernel: [    0.000000] SRAT: PXM 0 -> APIC 0x02 -> Node 0
Aug 15 15:49:05 travis-job-764af906-bdb8-43ea-bf25-f7fee2e06ac3 kernel: [    0.000000] SRAT: PXM 0 -> APIC 0x03 -> Node 0
Aug 15 15:49:05 travis-job-764af906-bdb8-43ea-bf25-f7fee2e06ac3 kernel: [    0.000000] SRAT: Node 0 PXM 0 [mem 0x00000000-0x0009ffff]
Aug 15 15:49:05 travis-job-764af906-bdb8-43ea-bf25-f7fee2e06ac3 kernel: [    0.000000] SRAT: Node 0 PXM 0 [mem 0x00100000-0xbfffffff]
Aug 15 15:49:05 travis-job-764af906-bdb8-43ea-bf25-f7fee2e06ac3 kernel: [    0.000000] SRAT: Node 0 PXM 0 [mem 0x100000000-0x3ffffffff]
Aug 15 15:49:05 travis-job-764af906-bdb8-43ea-bf25-f7fee2e06ac3 kernel: [    0.000000] NUMA: Node 0 [mem 0x00000000-0x0009ffff] + [mem 0x00100000-0xbfffffff] -> [mem 0x00000000-0xbfffffff]
Aug 15 15:49:05 travis-job-764af906-bdb8-43ea-bf25-f7fee2e06ac3 kernel: [    0.000000] NUMA: Node 0 [mem 0x00000000-0xbfffffff] + [mem 0x100000000-0x3ffffffff] -> [mem 0x00000000-0x3ffffffff]
Aug 15 15:49:05 travis-job-764af906-bdb8-43ea-bf25-f7fee2e06ac3 kernel: [    0.000000] NODE_DATA(0) allocated [mem 0x3ffff9000-0x3ffffdfff]
Aug 15 15:49:05 travis-job-764af906-bdb8-43ea-bf25-f7fee2e06ac3 kernel: [    0.000000] kvm-clock: Using msrs 4b564d01 and 4b56u524288
Aug 15 15:49:05 travis-job-764af906-bdb8-43ea-bf25-f7fee2e06ac3 kernel: [    0.000000] pcpu-alloc: s98392 r8192 d32680 u524288 alloc=1*2097152
Aug 15 15:49:05 travis-job-764af906-bdb8-43ea-bf25-f7fee2e06ac3 kernel: [    0.000000] pcpu-alloc: [0] 0 1 2 3 
Aug 15 15:49:05 travis-job-764af906-bdb8-43ea-bf25-f7fee2e06ac3 kernel: [    0.000000] Built 1 zonelists in Node order, mobility grouping on.  Total pages: 3870588
Aug 15 15:49:05 travis-job-764af906-bdb8-43ea-bf25-f7fee2e06ac3 kernel: [    0.000000] Policy zone: Normal
Aug 15 15:49:05 travis-job-764af906-bdb8-43ea-bf25-f7fee2e06ac3 kernel: [    0.000000] Kernel command line: BOOT_IMAGE=/boot/vmlinuz-4.4.0-101-generic root=UUID=752b4ef1-0512-4cae-b541-f03ffd29be1b ro cgroup_enable=memory swapaccount=1 apparmor=0 console=ttyS0 console=ttyS0
Aug 15 15:49:05 travis-job-764af906-bdb8-43ea-bf25-f7fee2e06ac3 kernel: [    0.000000] PID hash table entries: 4096 (order: 3, 32768 bytes)
Aug 15 15:49:05 travis-job-764af906-bdb8-43ea-bf25-f7fee2e06ac3 kernel: [    0.000000] Calgary: detecting Calgary via BIOS EBDA area
Aug 15 15:49:05 travis-job-764af906-bdb8-43ea-bf25-f7fee2e06ac3 kernel: [    0.000000] Calgary: Unable to locate Rio Grande table in EBDA - bailing!
Aug 15 15:49:05 travis-job-764af906-bdb8-43ea-bf25-f7fee2e06ac3 kernel: [    0.000000] Memory: 15375492K/15728196K available (8272K kernel code, 1304K rwdata, 4004K rodata, 1496K init, 1316K bss, 352704K reserved, 0K cma-reserved)
Aug 15 15:49:05 travis-job-764af906-bdb8-43ea-bf25-f7fee2e06ac3 kernel: [    0.000000] SLUB: HWalign=64, Order=0-3, MinObjects=0, CPUs=4, Nodes=1
Aug 15 15:49:05 travis-job-764af90[    0.727900] Switched APIC routing to physical x2apic.
Aug 15 15:49:05 travis-job-764af906-bdb8-43ea-bf25-f7fee2e06ac3 kernel: [    0.733561] ..TIMER: vector=0x30 apic1=0 pin1=0 apic2=-1 pin2=-1
Aug 15 15:49:05 travis-job-764af906-bdb8-43ea-bf25-f7fee2e06ac3 kernel: [    0.843426] smpboot: CPU0: Intel(R) Xeon(R) CPU @ 2.50GHz (family: 0x6, model: 0x3e, stepping: 0x4)
Aug 15 15:49:05 travis-job-764af906-bdb8-43ea-bf25-f7fee2e06ac3 kernel: [    0.849823] Performance Events: unsupported p6 CPU model 62 no PMU driver, software events only.
Aug 15 15:49:05 travis-job-764af906-bdb8-43ea-bf25-f7fee2e06ac3 kernel: [    0.856780] x86: Booting SMP configuration:
Aug 15 15:49:05 travis-job-764af906-bdb8-43ea-bf25-f7fee2e06ac3 kernel: [    0.858799] .... node  #0, CPUs:      #1
Aug 15 15:49:05 travis-job-764af906-bdb8-43ea-bf25-f7fee2e06ac3 kernel: [    0.860734] kvm-clock: cpu 1, msr 3:ffff1041, secondary cpu clock
Aug 15 15:49:05 travis-job-764af906-bdb8-43ea-bf25-f7fee2e06ac3 kernel: [    0.868729]  #2
Aug 15 15:49:05 travis-job-764af906-bdb8-43ea-bf25-f7fee2e06ac3 kernel: [    0.869541] kvm-clock: cpu 2, msr 3:ffff1081, secondary cpu clock
Aug 15 15:49:05 travis-job-764af906-bdb8-43ea-bf25-f7fee2e06ac3 kernel: [    0.877884]  #3
Aug 15 15:49:05 travis-job-764af906-bdb8-43ea-bf25-f7fee2e06ac3 kernel: [    0.879306] kvm-clock: cpu 3, msr 3:ffff10c1, secondary cpu clock
Aug 15 15:49:05 travis-job-764af906-bdb8-43ea-bf25-f7fee2e06ac3 kernel: [    0.886660] x86: Booted up 1 node, 4 CPUs
Aug 15 15:49:05 travis-job-764af906-bdb8-43ea-bf25-f7fee2e06ac3 kernel: [    0.888521] smpboot: Total of 4 processors activated (20000.00 BogoMIPS)
Aug 15 15:49:05 travis-job-764af906-bdb8-43ea-bf25-f7fee2e06ac3 kernel: [    0.894086] devtmpfs: initialized
Aug 15 15:49:05 travis-job-764af906-bdb8-43ea-bf25-f7fee2e06ac3 kernel: [    0.899730] evm: security.selinux
Aug 15 15:49:05 travis-job-764af906-bdb8-43ea-bf25-f7fee2e06ac3 kernel: [    0.901021] evm: security.SMACK64
Aug 15 15:49:05 travis-job-764af906-bdb8-43ea-bf25-f7fee2e06ac3 kernel: [    0.902716] evm: security.SMACK64EXEC
Aug 15 15:49:05 travis-job-764af906-bdb8-43ea-bf25-f7fee2e06ac3 kernel: [    0.903967] evm: security.SMACK64TRANSMUTE
Aug 15 15:49:05 travis-job-764af906-bdb8-43ea-bf25-f7fee2e06ac3 kernel: [    0.905755] evm: security.SMACK64MMAP
Aug 15 15:49:05 travis-job-764af906-bdb8-43ea-bf25-f7fee2e06ac3 kernel: [    0.907336] evm: security.ima
Aug 15 15:49:05 travis-job-764af906-bdb8-43ea-bf25-f7fee2e06ac3 kernel: [    0.908665] evm: security.capability
Aug 15 15:49:05 travis-job-764af906-bdb8-43ea-bf25-f7fee2e06ac3 kernel: [    0.910517] clocksource: jiffies: mask: 0xffffffff max_cycles: 0xffffffff, max_idle_ns: 7645041785100000 ns
Aug 15 15:49:05 travis-job-764af906-bdb8-43ea-bf25-f7fee2e06ac3 kernel: [    0.913875] futex hash table entries: 1024 (order: 4, 65536 bytes)
Aug 15 15:49:05 travis-job-764af906-bdb8-43ea-bf25-f7fee2e06ac3 kernel: [    0.916630] pinctrl core: initialized pinctrl subsystem
Aug 15 15:49:05 travis-job-764af906-bdb8-43ea-bf25-f7fee2e06ac3 kernel: [    0.918815] RTC time: 15:48:54, date: 08/15/18
Aug 15 15:49:05 travis-job-764af906-bdb8-43ea-bf25-f7fee2e06ac3 kernel: [    0.921530] NET: Registered protocol family 16
Aug 15 15:49:05 travis-job-764af906-bdb8-43nel: [    1.014778] ACPI: Using IOAPIC for interrupt routing
Aug 15 15:49:05 travis-job-764af906-bdb8-43ea-bf25-f7fee2e06ac3 kernel: [    1.017900] PCI: Using host bridge windows from ACPI; if necessary, use "pci=nocrs" and report a bug
Aug 15 15:49:05 travis-job-764af906-bdb8-43ea-bf25-f7fee2e06ac3 kernel: [    1.051991] ACPI: PCI Root Bridge [PCI0] (domain 0000 [bus 00-ff])
Aug 15 15:49:05 travis-job-764af906-bdb8-43ea-bf25-f7fee2e06ac3 kernel: [    1.054641] acpi PNP0A03:00: _OSC: OS supports [ASPM ClockPM Segments MSI]
Aug 15 15:49:05 travis-job-764af906-bdb8-43ea-bf25-f7fee2e06ac3 kernel: [    1.057316] acpi PNP0A03:00: _OSC failed (AE_NOT_FOUND); disabling ASPM
Aug 15 15:49:05 travis-job-764af906-bdb8-43ea-bf25-f7fee2e06ac3 kernel: [    1.060648] acpi PNP0A03:00: fail to add MMCONFIG information, can't access extended PCI configuration space under this bridge.
Aug 15 15:49:05 travis-job-764af906-bdb8-43ea-bf25-f7fee2e06ac3 kernel: [    1.067033] PCI host bridge to bus 0000:00
Aug 15 15:49:05 travis-job-764af906-bdb8-43ea-bf25-f7fee2e06ac3 kernel: [    1.069211] pci_bus 0000:00: root bus resource [io  0x0000-0x0cf7 window]
Aug 15 15:49:05 travis-job-764af906-bdb8-43ea-bf25-f7fee2e06ac3 kernel: [    1.071917] pci_bus 0000:00: root bus resource [io  0x0d00-0xffff window]
Aug 15 15:49:05 travis-job-764af906-bdb8-43ea-bf25-f7fee2e06ac3 kernel: [    1.075044] pci_bus 0000:00: root bus resource [mem 0x000a0000-0x000bffff window]
Aug 15 15:49:05 travis-job-764af906-bdb8-43ea-bf25-f7fee2e06ac3 kernel: [    1.078706] pci_bus 0000:00: root bus resource [mem 0xc0000000-0xfebfffff window]
Aug 15 15:49:05 travis-job-764af906-bdb8-43ea-bf25-f7fee2e06ac3 kernel: [    1.082432] pci_bus 0000:00: root bus resource [bus 00-ff]
Aug 15 15:49:05 travis-job-764af906-bdb8-43ea-bf25-f7fee2e06ac3 kernel: [    1.084244] pci 0000:00:00.0: [8086:1237] type 00 class 0x060000
Aug 15 15:49:05 travis-job-764af906-bdb8-43ea-bf25-f7fee2e06ac3 kernel: [    1.084749] pci 0000:00:01.0: [8086:7110] type 00 class 0x060100
Aug 15 15:49:05 travis-job-764af906-bdb8-43ea-bf25-f7fee2e06ac3 kernel: [    1.116509] pci 0000:00:01.3: [8086:7113] type 00 class 0x068000
Aug 15 15:49:05 travis-job-764af906-bdb8-43ea-bf25-f7fee2e06ac3 kernel: [    1.144460] pci 0000:00:01.3: quirk: [io  0xb000-0xb03f] claimed by PIIX4 ACPI
Aug 15 15:49:05 travis-job-764af906-bdb8-43ea-bf25-f7fee2e06ac3 kernel: [    1.148680] pci 0000:00:03.0: [1af4:1004] type 00 class 0x000000
Aug 15 15:49:05 travis-job-764af906-bdb8-43ea-bf25-f7fee2e06ac3 kernel: [    1.160553] pci 0000:00:03.0: reg 0x10: [io  0xc000-0xc03f]
Aug 15 15:49:05 travis-job-764af906-bdb8-43ea-bf25-f7fee2e06ac3 kernel: [    1.170232] pci 0000:00:03.0: reg 0x14: [mem 0xfebfe000-0xfebfe07f]
Aug 15 15:49:05 travis-job-764af906-bdb8-43ea-bf25-f7fee2e06ac3 kernel: [    1.195242] pci 0000:00:04.0: [1af4:1000] type 00 class 0x020000
Aug 15 15:49:05 travis-job-764af906-bdb8-43ea-bf25-f7fee2e06ac3 kernel: [    1.206536] pci 0000:00:04.0: reg 0x10: [io  0xc040-0xc07f]
Aug 15 15:49:05 travis-job-764af906-bdb8-43ea-bf25-f7fee2e06ac3 kernel: [    1.218413] pci 0000:00:04.0: reg 0x14: [mem 0xfebff000-0xfebff0ff]
Aug 15 15:49:05 travis-job-764af906-bdb8-43ea-bf25-f7fee2e06ac3 kernel: [    1.246386] ACPI: PCI Interrupt Link [LNKA] (IRQs 5 *10 11)
Aug 15 15:49:05 travis-job-764af906-bdb8-43ea-bf25-f7fee2e06ac3 kernel: [    1.252423] ACPI: PCI Interrupt Link [LNKB] (IRQs 5 *10 11)
Aug 15 15:49:05 travis-job-764af906-bdb8-43ea-bf25-f7fee2e06ac3 kernel: [    1.258685] ACPI: PCI Interrupt Link [LNKC] (IRQs 5 10 *11)
Aug 15 15:49:05 travis-job-764af906-bdb8-43ea-bf25-f7fee2e06ac3 kernel: [    1.264947] ACPI: PCI Interrupt Link [LNKD] (IRQs 5 10 *11)
Aug 15 15:49:05 travis-job-764af906-bdb8-43ea-bf25-f7fee2e06ac3 kernel: [    1.271681] ACPI: PCI Interrupt Link [LNKS] (IRQs *9)
Aug 15 15:49:05 travis-job-764af906-bdb8-43ea-bf25-f7fee2e06ac3 kernel: [    1.295791] ACPI: Enabled 16 GPEs in block 00 to 0F
Aug 15 15:49:05 travis-job-764af906-bdb8-43ea-bf25-f7fee2e06ac3 kernel: [    1.298862] vgaarb: loaded
Aug 15 15:49:05 travis-job-764af906-bdb8-43ea-bf25-f7fee2e06ac3 kernel: [    1.300725] SCSI subsystem initialized
Aug 15 15:49:05 travis-job-764af906-bdb8-43ea-bf25-f7fee2e06ac3 kernel: [    1.303382] libata version 3.00 loaded.
Aug 15 15:49:05 travis-job-764af906-bdb8-43ea-bf25-f7fee2e06ac3 kernel: [    1.303420] ACPI: bus type USB registered
Aug 15 15:49:05 travis-job-764af906-bdb8-43ea-bf25-f7fee2e06ac3 kernel: [    1.305883] usbcore: registered new interface driver usbfs
Aug 15 15:49:05 travis-job-764af906-bdb8-43ea-bf25-f7fee2e06ac3 kernel: [    1.309139] usbcore: registered new interface driver hub
Aug 15 15:49:05 travis-job-764af906-bdb8-43ea-bf25-f7fee2e06ac3 kernel: [    1.311763] usbcore: registered new device driver usb
Aug 15 15:49:05 travis-job-764af906-bdb8-43ea-bf25-f7fee2e06ac3 kernel: [    1.313949] ioremap error for 0xbfffd000-0xc0000000, requested 0x2, got 0x0
Aug 15 15:49:05 travis-job-764af906-bdb8-43ea-bf25-f7fee2e06ac3 kernel: [    1.317733] dmi: Firmware registration failed.
Aug 15 15:49:05 travis-job-764af906-bdb8-43ea-bf25-f7fee2e06ac3 kernel: [    1.320262] PCI: Using ACPI for IRQ routing
Aug 15 15:49:05 travis-job-764af906-bdb8-43ea-bf25-f7fee2e06ac3 kernel: [    1.322349] PCI: pci_cache_line_size set to 64 bytes
Aug 15 15:49:05 travis-job-764af906-bdb8-43ea-bf25-f7fee2e06ac3 kernel: [    1.322472] e820: reserve RAM buffer [mem 0x0009fc00-0x0009ffff]
Aug 15 15:49:05 travis-job-764af906-bdb8-43ea-bf25-f7fee2e06ac3 kernel: [    1.322474] e820: reserve RAM buffer [mem 0xbfff3000-0xbfffffff]
Aug 15 15:49:05 travis-job-764af906-bdb8-43ea-bf25-f7fee2e06ac3 kernel: [    1.322695] NetLabel: Initializing
Aug 15 15:49:05 travis-job-764af906-bdb8-43ea-bf25-f7fee2e06ac3 kernel: [    1.324129] NetLabel:  domain hash size = 128
Aug 15 15:49:05 travis-job-764af906-bdb8-43ea-bf25-f7fee2e06ac3 kernel: [    1.326163] NetLabel:  protocols = UNLABELED CIPSOv4
Aug 15 15:49:05 travis-job-764af906-bdb8-43ea-bf25-f7fee2e06ac3 kernel: [    1.329115] NetLabel:  unlabeled traffic allowed by default
Aug 15 15:49:05 travis-job-764af906-bdb8-43ea-bf25-f7fee2e06ac3 kernel: [    1.331807] amd_nb: Cannot enumerate AMD northbridges
Aug 15 15:49:05 travis-job-764af906-bdb8-43ea-bf25-f7fee2e06ac3 kernel: [    1.334167] clocksource: Switched to clocksource kvm-clock
Aug 15 15:49:05 travis-job-764af906-bdb8-43ea-bf25-f7fee2e06ac3 kernel: [    1.344654] pnp: PnP ACPI init
Aug 15 15:49:05 travis-job-764af906-bdb8-43ea-bf25-f7fee2e06ac3 kernel: [    1.346717] pnp 00:00: Plug and Pl906-bdb8-43ea-bf25-f7fee2e06ac3 kernel: [    3.665355] PCI-DMA: Using software bounce buffering for IO (SWIOTLB)
Aug 15 15:49:05 travis-job-764af906-bdb8-43ea-bf25-f7fee2e06ac3 kernel: [    3.673472] software IO TLB [mem 0xbbff3000-0xbfff3000] (64MB) mapped at [ffff8800bbff3000-ffff8800bfff2fff]
Aug 15 15:49:05 travis-job-764af906-bdb8-43ea-bf25-f7fee2e06ac3 kernel: [    3.680736] RAPL PMU detected, API unit is 2^-32 Joules, 3 fixed counters 10737418240 ms ovfl timer
Aug 15 15:49:05 travis-job-764af906-bdb8-43ea-bf25-f7fee2e06ac3 kernel: [    3.688101] hw unit of domain pp0-core 2^-0 Joules
Aug 15 15:49:05 travis-job-764af906-bdb8-43ea-bf25-f7fee2e06ac3 kernel: [    3.691210] hw unit of domain package 2^-0 Joules
Aug 15 15:49:05 travis-job-764af906-bdb8-43ea-bf25-f7fee2e06ac3 kernel: [    3.693788] hw unit of domain dram 2^-0 Joules
Aug 15 15:49:05 travis-job-764af906-bdb8-43ea-bf25-f7fee2e06ac3 kernel: [    3.697871] Scanning for low memory corruption every 60 seconds
Aug 15 15:49:05 travis-job-764af906-bdb8-43ea-bf25-f7fee2e06ac3 kernel: [    3.701598] audit: initializing netlink subsys (disabled)
Aug 15 15:49:05 travis-job-764af906-bdb8-43ea-bf25-f7fee2e06ac3 kernel: [    3.705362] audit: type=2000 audit(1534348136.927:1): initialized
Aug 15 15:49:05 travis-job-764af906-bdb8-43ea-bf25-f7fee2e06ac3 kernel: [    3.711804] Initialise system trusted keyring
Aug 15 15:49:05 travis-job-764af906-bdb8-43ea-bf25-f7fee2e06ac3 kernel: [    3.713933] HugeTLB registered 1 GB page size, pre-allocated 0 pages
Aug 15 15:49:05 travis-job-764af906-bdb8-43ea-bf25-f7fee2e06ac3 kernel: [    3.717861] HugeTLB registered 2 MB page siz registered
Aug 15 15:49:05 travis-job-764af906-bdb8-43ea-bf25-f7fee2e06ac3 kernel: [    3.771392] pci_hotplug: PCI Hot Plug PCI Core version: 0.5
Aug 15 15:49:05 travis-job-764af906-bdb8-43ea-bf25-f7fee2e06ac3 kernel: [    3.775044] pciehp: PCI Express Hot Plug Controller Driver version: 0.4
Aug 15 15:49:05 travis-job-764af906-bdb8-43ea-bf25-f7fee2e06ac3 kernel: [    3.778997] intel_idle: does not run on family 6 model 62
Aug 15 15:49:05 travis-job-764af906-bdb8-43ea-bf25-f7fee2e06ac3 kernel: [    3.779138] input: Power Button as /devices/LNXSYSTM:00/LNXPWRBN:00/input/input0
Aug 15 15:49:05 travis-job-764af906-bdb8-43ea-bf25-f7fee2e06ac3 kernel: [    3.782958] ACPI: Power Button [PWRF]
Aug 15 15:49:05 travis-job-764af906-bdb8-43ea-bf25-f7fee2e06ac3 kernel: [    3.784701] input: Sleep Button as /devices/LNXSYSTM:00/LNXSLPBN:00/input/input1
Aug 15 15:49:05 travis-job-764af906-bdb8-43ea-bf25-f7fee2e06ac3 kernel: [    3.787933] ACPI: Sleep Button [SLPF]
Aug 15 15:49:05 travis-job-764af906-bdb8-43ea-bf25-f7fee2e06ac3 kernel: [    3.790699] GHES: HEST is not enabled!
Aug 15 15:49:05 travis-job-764af906-bdb8-43ea-bf25-f7fee2e06ac3 kernel: [    3.795916] ACPI: PCI Interrupt Link [LNKC] enabled at IRQ 11
Aug 15 15:49:05 travis-job-764af906-bdb8-43ea-bf25-f7fee2e06ac3 kernel: [    3.799120] virtio-pci 0000:00:03.0: virtio_pci: leaving for legacy driver
Aug 15 15:49:05 travis-job-764af906-bdb8-43ea-bf25-f7fee2e06ac3 kernel: [    3.810836] ACPI: PCI Interrupt Link [LNKD] enabled at IRQ 10
Aug 15 15:49:05 travis-job-764af906-bdb8-43ea-bf25-f7fee2e06ac3 kernel: [    3.814381] virtio-pci 0000:00:04.0: virtio_pci: leaving for le5 travis-job-764af906-bdb8-43ea-bf25-f7fee2e06ac3 kernel: [    4.335293] sd 0:0:1:0: Attached scsi generic sg0 type 0
Aug 15 15:49:05 travis-job-764af906-bdb8-43ea-bf25-f7fee2e06ac3 kernel: [    4.336625] sd 0:0:1:0: [sda] 62914560 512-byte logical blocks: (32.2 GB/30.0 GiB)
Aug 15 15:49:05 travis-job-764af906-bdb8-43ea-bf25-f7fee2e06ac3 kernel: [    4.338007] sd 0:0:1:0: [sda] 4096-byte physical blocks
Aug 15 15:49:05 travis-job-764af906-bdb8-43ea-bf25-f7fee2e06ac3 kernel: [    4.339467] sd 0:0:1:0: [sda] Write Protect is off
Aug 15 15:49:05 travis-job-764af906-bdb8-43ea-bf25-f7fee2e06ac3 kernel: [    4.340406] sd 0:0:1:0: [sda] Mode Sense: 1f 00 00 08
Aug 15 15:49:05 travis-job-764af906-bdb8-43ea-bf25-f7fee2e06ac3 kernel: [    4.340645] sd 0:0:1:0: [sda] Write cache: enabled, read cache: enabled, doesn't support DPO or FUA
Aug 15 15:49:05 travis-job-764af906-bdb8-43ea-bf25-f7fee2e06ac3 kernel: [    4.343965]  sda: sda1
Aug 15 15:49:05 travis-job-764af906-bdb8-43ea-bf25-f7fee2e06ac3 kernel: [    4.345377] sd 0:0:1:0: [sda] Attached SCSI disk
Aug 15 15:49:05 travis-job-764af906-bdb8-43ea-bf25-f7fee2e06ac3 kernel: [    4.694344] tsc: Refined TSC clocksource calibration: 2499.793 MHz
Aug 15 15:49:05 travis-job-764af906-bdb8-43ea-bf25-f7fee2e06ac3 kernel: [    4.698317] clocksource: tsc: mask: 0xffffffffffffffff max_cycles: 0x24087658c32, max_idle_ns: 440795284564 ns
Aug 15 15:49:05 travis-job-764af906-bdb8-43ea-bf25-f7fee2e06ac3 kernel: [    5.115501] input: ImExPS/2 Generic Explorer Mouse as /devices/platform/i8042/serio1/input/input4
Aug 15 15:49:05 travis-job-764af906-bdb8-43ea-bf25-f7fee2e06ac3 kernel: [    7.254626] EXT4-fs (sda1): resized filesystem to 7864064
Aug 15 15:49:05 travis-job-764af906-bdb8-43ea-bf25-f7fee2e06ac3 kernel: [   12.180790] init: failsafe main process (1094) killed by TERM signal
Aug 15 15:49:05 travis-job-764af906-bdb8-43ea-bf25-f7fee2e06ac3 rsyslogd-2039: Could no open output pipe '/dev/xconsole': No such file or directory [try http://www.rsyslog.com/e/2039 ]
Aug 15 15:49:05 travis-job-764af906-bdb8-43ea-bf25-f7fee2e06ac3 instance-setup: INFO Running set_multiqueue.
Aug 15 15:49:05 travis-job-764af906-bdb8-43ea-bf25-f7fee2e06ac3 instance-setup: INFO Set channels for eth0 to 4.
Aug 15 15:49:05 travis-job-764af906-bdb8-43ea-bf25-f7fee2e06ac3 instance-setup: INFO Setting /proc/irq/25/smp_affinity_list to 0 for device virtio1.
Aug 15 15:49:05 travis-job-764af906-bdb8-43ea-bf25-f7fee2e06ac3 instance-setup: INFO /proc/irq/25/smp_affinity_list: real affinity 0
Aug 15 15:49:05 travis-job-764af906-bdb8-43ea-bf25-f7fee2e06ac3 instance-setup: INFO Setting /proc/irq/26/smp_affinity_list to 0 for device virtio1.
Aug 15 15:49:05 travis-job-764af906-bdb8-43ea-bf25-f7fee2e06ac3 instance-setup: INFO /proc/irq/26/smp_affinity_list: real affinity 0
Aug 15 15:49:05 travis-job-764af906-bdb8-43ea-bf25-f7fee2e06ac3 instance-setup: INFO Setting /proc/irq/27/smp_affinity_list to 1 for device virtio1.
Aug 15 15:49:05 travis-job-764af906-bdb8-43ea-bf25-f7fee2e06ac3 instance-setup: INFO /proc/irq/27/smp_affinity_list: real affinity 1
Aug 15 15:49:05 travis-job-764af906-bdb8-43ea-bf25-f7fee2e06ac3 instance-setup: INFO Setting /proc/irq/28/smp_affinity_list to 1 for device virtio1.
Aug 15 15:49:05 travis-job-764af906-bdb8-43ea-bf25-f7fee2e06ac3 instance-setup: INFO /proc/irq/28/smp_affinity_list: real affinity 1
Aug 15 15:49:05 travis-job-764af906-bdb8-43ea-bf25-f7fee2e06ac3 instance-setup: INFO Setting /proc/irq/29/smp_affinity_list to 2 for device virtio1.
Aug 15 15:49:05 travis-job-764af906-bdb8-43ea-bf25-f7fee2e06ac3 instance-setup: INFO /proc/irq/29/smp_affinity_list: real affinity 2
Aug 15 15:49:05 travis-job-764af906-bdb8-43ea-bf25-f7fee2e06ac3 instance-setup: INFO Setting /proc/irq/30/smp_affinity_list to 2 for device virtio1.
Aug 15 15:49:05 travis-job-764af906-bdb8-43ea-bf25-f7fee2e06ac3 instance-setup: INFO /proc/irq/30/smp_affinity_list: real affinity 2
Aug 15 15:49:05 travis-job-764af906-bdb8-43ea-bf25-f7fee2e06ac3 instance-setup: INFO Setting /proc/irq/31/smp_affinity_list to 3 for device virtio1.
Aug 15 15:49:05 travis-job-764af906-bdb8-43ea-bf25-f7fee2e06ac3 instance-setup: INFO /proc/irq/31/smp_affinity_list: real affinity 3
Aug 15 15:49:05 travis-job-764af906-bdb8-43ea-bf25-f7fee2e06ac3 instance-setup: INFO Setting /proc/irq/32/smp_affinity_list to 3 for device virtio1.
Aug 15 15:49:05 travis-job-764af906-bdb8-43ea-bf25-f7fee2e06ac3 instance-setup: INFO /proc/irq/32/smp_affinity_list: real affinity 3
Aug 15 15:49:05 travis-job-764af906-bdb8-43ea-bf25-f7fee2e06ac3 instance-setup: INFO Queue 0 XPS=1 for /sys/class/net/eth0/queues/tx-0/xps_cpus
Aug 15 15:49:05 travis-job-764af906-bdb8-43ea-bf25-f7fee2e06ac3 instance-setup: INFO Queue 1 XPS=2 for /sys/class/net/eth0/queues/tx-1/xps_cpus
Aug 15 15:49:05 travis-job-764af906-bdb8-43ea-bf25-f7fee2e06ac3 instance-setup: INFO Queue 2 XPS=4 for /sys/class/net/eth0/queues/tx-2/xp06-bdb8-43ea-bf25-f7fee2e06ac3 google-clock-skew: INFO Synced system time with hardware clock.
Aug 15 15:49:07 travis-job-764af906-bdb8-43ea-bf25-f7fee2e06ac3 cron[1417]: (CRON) INFO (pidfile fd = 3)
Aug 15 15:49:07 travis-job-764af906-bdb8-43ea-bf25-f7fee2e06ac3 cron[1464]: (CRON) STARTUP (fork ok)
Aug 15 15:49:07 travis-job-764af906-bdb8-43ea-bf25-f7fee2e06ac3 google-accounts: INFO Created user account igor.
Aug 15 15:49:07 travis-job-764af906-bdb8-43ea-bf25-f7fee2e06ac3 cron[1464]: (CRON) INFO (Running @reboot jobs)
Aug 15 15:49:07 travis-job-764af906-bdb8-43ea-bf25-f7fee2e06ac3 pollinate: system was previously seeded at [2017-12-05 19:31:29.715998981 +0000]
Aug 15 15:49:07 travis-job-764af906-bdb8-43ea-bf25-f7fee2e06ac3 pollinate: To re-seed this system again, use the -r|--reseed option
Aug 15 15:49:07 travis-job-764af906-bdb8-43ea-bf25-f7fee2e06ac3 google-accounts: INFO Creating a new user account for konstantinhaase.
Aug 15 15:49:07 travis-job-764af906-bdb8-43ea-bf25-f7fee2e06ac3 acpid: starting up with netlink and the input layer
Aug 15 15:49:07 travis-job-764af906-bdb8-43ea-bf25-f7fee2e06ac3 acpid: 1 rule loaded
Aug 15 15:49:07 travis-job-764af906-bdb8-43ea-bf25-f7fee2e06ac3 acpid: waiting for events: event logging is off
Aug 15 15:49:07 travis-job-764af906-bdb8-43ea-bf25-f7fee2e06ac3 google-accounts: INFO Created user account konstantinhaase.
Aug 15 15:49:07 travis-job-764af906-bdb8-43ea-bf25-f7fee2e06ac3 haveged: haveged starting up
Aug 15 15:49:07 travis-job-764af906-bdb8-43ea-bf25-f7fee2e06ac3 google-accounts: INFO Creating a new user account for aj.
Aug 15 15:49:07 travis-job-764af906-bdb8-43ea-bf25-f7fee2e06ac3 pollinate: system was previously seeded at [2017-12-05 19:31:29.715998981 +0000]
Aug 15 15:49:07 travis-job-764af906-bdb8-43ea-bf25-f7fee2e06ac3 pollinate: To re-seed this system again, use the -r|--reseed option
Aug 15 15:49:07 travis-job-764af906-bdb8-43ea-bf25-f7fee2e06ac3 google-accounts: INFO Created user account aj.
Aug 15 15:49:07 travis-job-764af906-bdb8-43ea-bf25-f7fee2e06ac3 kernel: [   13.519502] ip_tables: (C) 2000-2006 Netfilter Core Team
Aug 15 15:49:07 travis-job-764af906-bdb8-43ea-bf25-f7fee2e06ac3 kernel: [   13.531527] ip6_tables: (C) 2000-2006 Netfilter Core Team
Aug 15 15:49:07 travis-job-764af906-bdb8-43ea-bf25-f7fee2e06ac3 google-accounts: INFO Creating a new user account for solarce.
Aug 15 15:49:07 travis-job-764af906-bdb8-43ea-bf25-f7fee2e06ac3 google-accounts: INFO Created user account solarce.
Aug 15 15:49:07 travis-job-764af906-bdb8-43ea-bf25-f7fee2e06ac3 google-accounts: INFO Creating a new user account for asari.
Aug 15 15:49:07 travis-job-764af906-bdb8-43ea-bf25-f7fee2e06ac3 kernel: [   13.613710] bridge: automatic filtering via arp/ip/ip6tables has been deprecated. Update your scripts to load br_netfilter if you need this.
Aug 15 15:49:07 travis-job-764af906-bdb8-43ea-bf25-f7fee2e06ac3 kernel: [   13.619128] Bridge firewalling registered
Aug 15 15:49:07 travis-job-764af906-bdb8-43ea-bf25-f7fee2e06ac3 kernel: [   13.632154] nf_conntrack version 0.5.0 (65536 buckets, 262144 max)
Aug 15 15:49:07 travis-job-764af906-bdb8-43ea-bf25-f7fee2e06ac3 google-accounts: INFO Created user account asari.
Aug 15 15:49:07 travis-job-764af906-bdb8-43ea-bf25-f7fee2e06ac3 google-accounts: INFO Creating a new user account for bogdana.
Aug 15 15:49:07 travis-job-764af906-bdb8-43ea-bf25-f7fee2e06ac3 google-accounts: INFO Created user account bogdana.
Aug 15 15:49:07 travis-job-764af906-bdb8-43ea-bf25-f7fee2e06ac3 kernel: [   13.728316] Initializing XFRM netlink socket
Aug 15 15:49:07 travis-job-764af906-bdb8-43ea-bf25-f7fee2e06ac3 kernel: [   13.738578] Netfilter messages via NETLINK v0.30.
Aug 15 15:49:07 travis-job-764af906-bdb8-43ea-bf25-f7fee2e06ac3 kernel: [   13.741828] ctnetlink v0.93: registering with nfnetlink.
Aug 15 15:49:07 travis-job-764af906-bdb8-43ea-bf25-f7fee2e06ac3 google-accounts: INFO Creating a new user account for konstantin.
Aug 15 15:49:07 travis-job-764af906-bdb8-43ea-bf25-f7fee2e06ac3 google-accounts: INFO Created user account konstantin.
Aug 15 15:49:07 travis-job-764af906-bdb8-43ea-bf25-f7fee2e06ac3 google-accounts: INFO Creating a new user account for carmen.
Aug 15 15:49:07 travis-job-764af906-bdb8-43ea-bf25-f7fee2e06ac3 google-accounts: INFO Created user account carmen.
Aug 15 15:49:07 travis-job-764af906-bdb8-43ea-bf25-f7fee2e06ac3 google-accounts: INFO Creating a new user account for maria.
Aug 15 15:49:07 travis-job-764af906-bdb8-43ea-bf25-f7fee2e06ac3 google-accounts: INFO Created user account maria.
Aug 15 15:49:07 travis-job-764af906-bdb8-43ea-bf25-f7fee2e06ac3 google-accounts: INFO Removing user packer.
Aug 15 15:49:07 travis-job-764af906-bdb8-43ea-bf25-f7fee2e06ac3 kernel: [   13.926251] floppy0: no floppy controllers found
Aug 15 15:49:30 travis-job-764af906-bdb8-43ea-bf25-f7fee2e06ac3 ntpdate[1847]: adjust time server 169.254.169.254 offset 0.003308 sec
Aug 15 15:49:37 travis-job-764af906-bdb8-43ea-bf25-f7fee2e06ac3 ntpd[1881]: ntpd 4.2.6p5@1.2349-o Wed Jul 12 12:22:58 UTC 2017 (1)
Aug 15 15:49:37 travis-job-764af906-bdb8-43ea-bf25-f7fee2e06ac3 ntpd[1882]: proto: precision = 0.102 usec
Aug 15 15:49:37 travis-job-764af906-bdb8-43ea-bf25-f7fee2e06ac3 ntpd[1882]: ntp_io: estimated max descriptors: 1024, initial socket boundary: 16
Aug 15 15:49:37 travis-job-764af906-bdb8-43ea-bf25-f7fee2e06ac3 ntpd[1882]: ntp_io: estimated max descriptors: 1024, initial socket boundary: 16
Aug 15 15:49:37 travis-job-764af906-bdb8-43ea-bf25-f7fee2e06ac3 ntpd[1882]: Listen and drop on 0 v4wildcard 0.0.0.0 UDP 123
Aug 15 15:49:37 travis-job-764af906-bdb8-43ea-bf25-f7fee2e06ac3 ntpd[1882]: Listen and drop on 1 v6wildcard :: UDP 123
Aug 15 15:49:37 travis-job-764af906-bdb8-43ea-bf25-f7fee2e06ac3 ntpd[1882]: Listen normally on 2 lo 127.0.0.1 UDP 123
Aug 15 15:49:37 travis-job-764af906-bdb8-43ea-bf25-f7fee2e06ac3 ntpd[1882]: Listen normally on 3 eth0 10.20.0.87 UDP 123
Aug 15 15:49:37 travis-job-764af906-bdb8-43ea-bf25-f7fee2e06ac3 ntpd[1882]: Listen normally on 4 docker0 172.17.0.1 UDP 123
Aug 15 15:49:37 travis-job-764af906-bdb8-43ea-bf25-f7fee2e06ac3 ntpd[1882]: peers refreshed
Aug 15 15:49:37 travis-job-764af906-bdb8-43ea-bf25-f7fee2e06ac3 ntpd[1882]: Listening on routing socket on fd #21 for interface updates
Aug 15 15:49:37 travis-job-764af906-bdb8-43ea-bf25-f7fee2e06ac3 kernel: [   43.754710] init: plymouth-upstart-bridge main process ended, respawning
Aug 15 15:49:37 travis-job-764af906-brustc/release/build
36824 ./obj/build/x86_64-unknown-linux-gnu/stage0-std/release
36780 ./obj/build/x86_64-unknown-linux-gnu/stage1-std/release
36716 ./obj/build/x86_64-unknown-linux-gnu/test/run-pass
---
travis_time:end:25825e1c:start=1534353368094239674,finish=1534353368103762488,duration=9522814
travis_fold:end:after_failure.4
travis_fold:start:after_failure.5
travis_time:start:01e7cf38
$ ln -s . checkout && for CORE in obj/cores/core.*; do EXE=$(echo $CORE | sed 's|obj/cores/core\.[0-9]*\.!checkout!\(.*\)|\1|;y|!|/|'); if [ -f "$EXE" ]; then printf travis_fold":start:crashlog\n\033[31;1m%s\033[0m\n" "$CORE"; gdb -q -c "$CORE" "$EXE" -iex 'set auto-load off' -iex 'dir src/' -iex 'set sysroot .' -ex bt -ex q; echo travis_fold":"end:crashlog; fi; done || true
travis_fold:end:after_failure.5
travis_fold:start:after_failure.6
travis_time:start:28beee26
travis_time:start:28beee26
$ cat ./obj/build/x86_64-unknown-linux-gnu/native/asan/build/lib/asan/clang_rt.asan-dynamic-i386.vers || true
cat: ./obj/build/x86_64-unknown-linux-gnu/native/asan/build/lib/asan/clang_rt.asan-dynamic-i386.vers: No such file or directory
travis_fold:end:after_failure.6
travis_fold:start:after_failure.7
travis_time:start:20578a40
$ dmesg | grep -i kill
