plain
[00:05:31]    Compiling flate2 v1.0.1
[00:05:31]    Compiling parking_lot v0.5.5
[00:05:36]    Compiling rustc-rayon v0.1.1
batch:31
Aug  9 12:44:00 travis-job-05c5efbc-0244-4c51-924d-d70269ba3868 kernel: [    0.000000] ACPI: PM-Timer IO Port: 0xb008
Aug  9 12:44:00 travis-job-05c5efbc-0244-4c51-924d-d70269ba3868 kernel: [    0.000000] ACPI: Local APIC address 0xfee00000
Aug  9 12:44:00 travis-job-05c5efbc-0244-4c51-924d-d70269ba3868 kernel: [    0.000000] ACPI: LAPIC_NMI (acpi_id[0xff] dfl dfl lint[0x1])
Aug  9 12:44:00 travis-job-05c5efbc-0244-4c51-924d-d70269ba3868 kernel: [    0.000000] IOAPIC[0]: apic_id 0, version 17, address 0xfec00000, GSI 0-23
Aug  9 12:44:00 travis-job-05c5efbc-0244-4c51-924d-d70269ba3868 kernel: [    0.000000] ACPI: INT_SRC_OVR (bus 0 bus_irq 5 global_irq 5 high level)
Aug  9 12:44:00 travis-job-05c5efbc-0244-4c51-924d-d70269ba3868 kernel: [    0.000000] ACPI: INT_SRC_OVR (bus 0 bus_irq 9 global_irq 9 high level)
Aug  9 12:44:00 travis-job-05c5efbc-0244-4c51-924d-d70269ba3868 kernel: [    0.000000] ACPI: INT_SRC_OVR (bus 0 bus_irq 10 global_irq 10 high level)
Aug  9 12:44:00 travis-job-05c5efbc-0244-4c51-924d-d70269ba3868 kernel: [    0.000000] ACPI: INT_SRC_OVR (bus 0 bus_irq 11 global_irq 11 high level)
Aug  9 12:44:00 travis-job-05c5efbc-0244-4c51-924d-d70269ba3868 kernel: [    0.000000] ACPI: IRQ5 used by override.
Aug  9 12:44:00 travis-job-05c5efbc-0244-4c51-924d-d70269ba3868 kernel: [    0.000000] ACPI: IRQ9 used by override.
Aug  9 12:44:00 travis-job-05c5efbc-0244-4c51-924d-d70269ba3868 kernel: [    0.000000] ACPI: IRQ10 used by override.
Aug  9 12:44:00 travis-job-05c5efbc-0244-4c51-924d-d70269ba3868 kernel: [    0.000000] ACPI: IRQ11 used by override.
Aug  9 12:44:00 travis-job-05c5efbc-0244-4c51 max_cycles: 0xffffffff, max_idle_ns: 7645519600211568 ns
Aug  9 12:44:00 travis-job-05c5efbc-0244-4c51-924d-d70269ba3868 kernel: [    0.000000] setup_percpu: NR_CPUS:512 nr_cpumask_bits:512 nr_cpu_ids:4 nr_node_ids:1
Aug  9 12:44:00 travis-job-05c5efbc-0244-4c51-924d-d70269ba3868 kernel: [    0.000000] PERCPU: Embedded 34 pages/cpu @ffff8803ffc00000 s98392 r8192 d32680 u524288
Aug  9 12:44:00 travis-job-05c5efbc-0244-4c51-924d-d70269ba3868 kernel: [    0.000000] pcpu-alloc: s98392 r8192 d32680 u524288 alloc=1*2097152
Aug  9 12:44:00 travis-job-05c5efbc-0244-4c51-924d-d70269ba3868 kernel: [    0.000000] pcpu-alloc: [0] 0 1 2 3 
Aug  9 12:44:00 travis-job-05c5efbc-0244-4c51-924d-d70269ba3868 kernel: [    0.000000] Built 1 zonelists in Node order, mobility grouping on.  Total pages: 3870588
Aug  9 12:44:00 travis-job-05c5efbc-0244-4c51-924d-d70269ba3868 kernel: [    0.000000] Policy zone: Normal
Aug  9 12:44:00 travis-job-05c5efbc-0244-4c51-924d-d70269ba3868 kernel: [    0.000000] Kernel command line: BOOT_IMAGE=/boot/vmlinuz-4.4.0-101-generic root=UUID=752b4ef1-0512-4cae-b541-f03ffd29be1b ro cgroup_enable=memory swapaccount=1 apparmor=0 console=ttyS0 console=ttyS0
Aug  9 12:44:00 travis-job-05c5efbc-0244-4c51-924d-d70269ba3868 kernel: [    0.000000] PID hash table entries: 4096 (order: 3, 32768 bytes)
Aug  9 12:44:00 travis-job-05c5efbc-0244-4c51-924d-d70269ba3868 kernel: [    0.000000] Calgary: detecting Calgary via BIOS EBDA area
Aug  9 12:44:00 travis-job-05c5efbc-0244-4c51-924d-d70269ba3868 kernel: [    0.000000] Calgary: Unable to locate Rio Grande table in EBDA - bailing!
Aug  9 12:44:00 travis-job-05c5efbc-0244-4c51-924d-d70269ba3868 kernel: [    0.000000] Memory: 15375492K/15728196K available (8272K kernel code, 1304K rwdata, 4004K rodata, 1496K init, 1316K bss, 352704K reserved, 0K cma-reserved)
Aug  9 12:44:00 travis-job-05c5efbc-0244-4c51-924d-d70269ba3868 kernel: [    0.000000] SLUB: HWalign=64, Order=0-3, MinObjects=0, CPUs=4, Nodes=1
Aug  9 12:44:00 travis-job-05c5efbc-0244-4c51-924d-d70269ba3868 kernel: [    0.000000] Hierarchical RCU implementation.
Aug  9 12:44:00 travis-job-05c5efbc-0244-4c51-924d-d70269ba3868 kernel: [    0.000000]  Build-time adjustment of leaf fanout to 64.
Aug  9 12:44:00 travis-job-05c5efbc-0244-4c51-924d-d70269ba3868 kernel: [    0.000000]  RCU restricting CPUs from NR_CPUS=512 to nr_cpu_ids=4.
Aug  9 12:44:00 travis-job-05c5efbc-0244-4c51-924d-d70269ba3868 kernel: [    0.000000] RCU: Adjusting geometry for rcu_fanout_leaf=64, nr_cpu_ids=4
Aug  9 12:44:00 travis-job-05c5efbc-0244-4c51-924d-d70269ba3868 kernel: [    0.000000] NR_IRQS:33024 nr_irqs:456 16
Aug  9 12:44:00 travis-job-05c5efbc-0244-4c51-924d-d70269ba3868 kernel: [    0.000000] Console: colour VGA+ 80x25
Aug  9 12:44:00 travis-job-05c5efbc-0244-4c51-924d-d70269ba3868 kernel: [    0.000000] console [ttyS0] enabled
Aug  9 12:44:00 travis-job-05c5efbc-0244-4c51-924d-d70269ba3868 kernel: [    0.000000] tsc: Detected 2500.000 MHz processor
Aug  9 12:44:00 travis-job-05c5efbc-0244-4c51-924d-d70269ba3868 kernel: [    0.322931] Calibrating delay loop (skipped) preset value.. 5000.00 BogoMIPS (lpj=10000000)
Aug  9 12:44:00 travis-job-05c5efbc-0244-4c51-924d-d70269ba3868 kernel: [    0.324405] pid_max: default: 32768 minimum: 301
Aug  9 12:44:00 travis-job-05c5efbc-0244-4c51-924d-d70269ba3868 kernel: [    0.325286] ACPI: Core revision 20150930
Aug  9 12:44:00 travis-job-05c5efbc-0244-4c51-924d-d70269ba3868 kernel: [    0.331859] ACPI: 2 ACPI AML tables successfully acquired and loaded
Aug  9 12:44:00 travis-job-05c5efbc-0244-4c51-924d-d70269ba3868 kernel: [    0.333202] Security Framework initialized
Aug  9 12:44:00 travis-job-05c5efbc-0244-4c51-924d-d70269ba3868 kernel: [    0.334037] Yama: becoming mindful.
Aug  9 12:44:00 travis-job-05c5efbc-0244-4c51-924d-d70269ba3868 kernel: [    0.334726] AppArmor: AppArmor disabled by boot time parameter
Aug  9 12:44:00 travis-job-05c5efbc-0244-4c51-924d-d70269ba3868 kernel: [    0.337215] Dentry cache hash table entries: 2097152 (order: 12, 16777216 bytes)
Aug  9 12:44:00 travis-job-05c5efbc-0244-4c51-924d-d70269ba3868 kernel: [    0.346982] Inode-cache hash table entries: 1048576 (order: 11, 8388608 bytes)
Aug  9 12:44:00 travis-job-05c5efbc-0244-4c51-924d-d70269ba3868 kernel: [    0.351835] Mount-cache hash table entries: 32768 (order: 6, 262144 bytes)
Aug  9 12:44:00 travis-job-05c5efbc-0244-4c51-924d-d70269ba3868 kernel: [    0.353039] Mountpoint-cache hash table entries: 32768 (order: 6, 262144 bytes)
Aug  9 12:44:00 travis-job-05c5efbc-0244-4c51-924d-d70269ba3868 kernel: [    0.354640] Initializing cgroup subsys io
Aug  9 12:44:00 travis-job-05c5efbc-0244-4c51-924d-d70269ba3868 kernel: [    0.355369] Initializing cgroup subsys memory
Aug  9 12:44:00 travis-job-05c5efbc-0244-4c51-924d-d70269ba3868 kernel: [    0.356097] Initializing cgroup subsys devices
Aug  9 12:44:00 travis-job-05c5efbc-0244-4924d-d70269ba3868 kernel: [    0.585236] pinctrl core: initialized pinctrl subsystem
Aug  9 12:44:00 travis-job-05c5efbc-0244-4c51-924d-d70269ba3868 kernel: [    0.586392] RTC time: 12:43:51, date: 08/09/18
Aug  9 12:44:00 travis-job-05c5efbc-0244-4c51-924d-d70269ba3868 kernel: [    0.588393] NET: Registered protocol family 16
Aug  9 12:44:00 travis-job-05c5efbc-0244-4c51-924d-d70269ba3868 kernel: [    0.598243] cpuidle: using governor ladder
Aug  9 12:44:00 travis-job-05c5efbc-0244-4c51-924d-d70269ba3868 kernel: [    0.610131] cpuidle: using governor menu
Aug  9 12:44:00 travis-job-05c5efbc-0244-4c51-924d-d70269ba3868 kernel: [    0.611019] PCCT header not found.
Aug  9 12:44:00 travis-job-05c5efbc-0244-4c51-924d-d70269ba3868 kernel: [    0.611808] ACPI: bus type PCI registered
Aug  9 12:44:00 travis-job-05c5efbc-0244-4c51-924d-d70269ba3868 kernel: [    0.612706] acpiphp: ACPI Hot Plug PCI Controller Driver version: 0.5
Aug  9 12:44:00 travis-job-05c5efbc-0244-4c51-924d-d70269ba3868 kernel: [    0.614596] PCI: Using configuration type 1 for base access
Aug  9 12:44:00 travis-job-05c5efbc-0244-4c51-924d-d70269ba3868 kernel: [    0.627453] ACPI: Added _OSI(Module Device)
Aug  9 12:44:00 travis-job-05c5efbc-0244-4c51-924d-d70269ba3868 kernel: [    0.628406] ACPI: Added _OSI(Processor Device)
Aug  9 12:44:00 travis-job-05c5efbc-0244-4c51-924d-d70269ba3868 kernel: [    0.629183] ACPI: Added _OSI(3.0 _SCP Extensions)
Aug  9 12:44:00 travis-job-05c5efbc-0244-4c51-924d-d70269ba3868 kernel: [    0.630042] ACPI: Added _OSI(Processor Aggregator Device)
Aug  9 12:44:00 travis-job-05c5efbc-0244-4c51-924d-d70269ba3868 kernel:is-job-05c5efbc-0244-4c51-924d-d70269ba3868 kernel: [    0.830497] usbcore: registered new interface driver hub
Aug  9 12:44:00 travis-job-05c5efbc-0244-4c51-924d-d70269ba3868 kernel: [    0.831410] usbcore: registered new device driver usb
Aug  9 12:44:00 travis-job-05c5efbc-0244-4c51-924d-d70269ba3868 kernel: [    0.832348] ioremap error for 0xbfffd000-0xc0000000, requested 0x2, got 0x0
Aug  9 12:44:00 travis-job-05c5efbc-0244-4c51-924d-d70269ba3868 kernel: [    0.833430] dmi: Firmware registration failed.
Aug  9 12:44:00 travis-job-05c5efbc-0244-4c51-924d-d70269ba3868 kernel: [    0.834225] PCI: Using ACPI for IRQ routing
Aug  9 12:44:00 travis-job-05c5efbc-0244-4c51-924d-d70269ba3868 kernel: [    0.834818] PCI: pci_cache_line_size set to 64 bytes
Aug  9 12:44:00 travis-job-05c5efbc-0244-4c51-924d-d70269ba3868 kernel: [    0.834920] e820: reserve RAM buffer [mem 0x0009fc00-0x0009ffff]
Aug  9 12:44:00 travis-job-05c5efbc-0244-4c51-924d-d70269ba3868 kernel: [    0.834921] e820: reserve RAM buffer [mem 0xbfff3000-0xbfffffff]
Aug  9 12:44:00 travis-job-05c5efbc-0244-4c51-924d-d70269ba3868 kernel: [    0.835043] NetLabel: Initializing
Aug  9 12:44:00 travis-job-05c5efbc-0244-4c51-924d-d70269ba3868 kernel: [    0.835938] NetLabel:  domain hash size = 128
Aug  9 12:44:00 travis-job-05c5efbc-0244-4c51-924d-d70269ba3868 kernel: [    0.836617] NetLabel:  protocols = UNLABELED CIPSOv4
Aug  9 12:44:00 travis-job-05c5efbc-0244-4c51-924d-d70269ba3868 kernel: [    0.837460] NetLabel:  unlabeled traffic allowed by default
Aug  9 12:44:00 travis-job-05c5efbc-0244-4c51-924d-d70269ba3868 kernel: [    0.838581] amd_nb: Cannot enumernel: [    0.858168] pci_bus 0000:00: resource 4 [io  0x0000-0x0cf7 window]
Aug  9 12:44:00 travis-job-05c5efbc-0244-4c51-924d-d70269ba3868 kernel: [    0.858170] pci_bus 0000:00: resource 5 [io  0x0d00-0xffff window]
Aug  9 12:44:00 travis-job-05c5efbc-0244-4c51-924d-d70269ba3868 kernel: [    0.858172] pci_bus 0000:00: resource 6 [mem 0x000a0000-0x000bffff window]
Aug  9 12:44:00 travis-job-05c5efbc-0244-4c51-924d-d70269ba3868 kernel: [    0.858173] pci_bus 0000:00: resource 7 [mem 0xc0000000-0xfebfffff window]
Aug  9 12:44:00 travis-job-05c5efbc-0244-4c51-924d-d70269ba3868 kernel: [    0.858213] NET: Registered protocol family 2
Aug  9 12:44:00 travis-job-05c5efbc-0244-4c51-924d-d70269ba3868 kernel: [    0.859104] TCP established hash table entries: 131072 (order: 8, 1048576 bytes)
Aug  9 12:44:00 travis-job-05c5efbc-0244-4c51-924d-d70269ba3868 kernel: [    0.861104] TCP bind hash table entries: 65536 (order: 8, 1048576 bytes)
Aug  9 12:44:00 travis-job-05c5efbc-0244-4c51-924d-d70269ba3868 kernel: [    0.862229] TCP: Hash tables configured (established 131072 bind 65536)
Aug  9 12:44:00 travis-job-05c5efbc-0244-4c51-924d-d70269ba3868 kernel: [    0.863234] UDP hash table entries: 8192 (order: 6, 262144 bytes)
Aug  9 12:44:00 travis-job-05c5efbc-0244-4c51-924d-d70269ba3868 kernel: [    0.864167] UDP-Lite hash table entries: 8192 (order: 6, 262144 bytes)
Aug  9 12:44:00 travis-job-05c5efbc-0244-4c51-924d-d70269ba3868 kernel: [    0.865880] NET: Registered protocol family 1
Aug  9 12:44:00 travis-job-05c5efbc-0244-4c51-924d-d70269ba3868 kernel: [    0.866780] pci 0000:00:00.0: Limiting direct PCI/PCI transfers
Augpf=0x1, revision=0x1
Aug  9 12:44:00 travis-job-05c5efbc-0244-4c51-924d-d70269ba3868 kernel: [    3.211554] microcode: CPU1 sig=0x306e4, pf=0x1, revision=0x1
Aug  9 12:44:00 travis-job-05c5efbc-0244-4c51-924d-d70269ba3868 kernel: [    3.212687] microcode: CPU2 sig=0x306e4, pf=0x1, revision=0x1
Aug  9 12:44:00 travis-job-05c5efbc-0244-4c51-924d-d70269ba3868 kernel: [    3.213940] microcode: CPU3 sig=0x306e4, pf=0x1, revision=0x1
Aug  9 12:44:00 travis-job-05c5efbc-0244-4c51-924d-d70269ba3868 kernel: [    3.215293] microcode: Microcode Update Driver: v2.01 <tigran@aivazian.fsnet.co.uk>, Peter Oruba
Aug  9 12:44:00 travis-job-05c5efbc-0244-4c51-924d-d70269ba3868 kernel: [    3.217175] registered taskstats version 1
Aug  9 12:44:00 travis-job-05c5efbc-0244-4c51-924d-d70269ba3868 kernel: [    3.218024] Loading compiled-in X.509 certificates
Aug  9 12:44:00 travis-job-05c5efbc-0244-4c51-924d-d70269ba3868 kernel: [    3.219559] Loaded X.509 cert 'Build time autogenerated kernel key: 56232512f0584176d25dbc659499b922e518c1c1'
Aug  9 12:44:00 travis-job-05c5efbc-0244-4c51-924d-d70269ba3868 kernel: [    3.221581] zswap: loaded using pool lzo/zbud
Aug  9 12:44:00 travis-job-05c5efbc-0244-4c51-924d-d70269ba3868 kernel: [    3.224380] Key type trusted registered
Aug  9 12:44:00 travis-job-05c5efbc-0244-4c51-924d-d70269ba3868 kernel: [    3.228564] Key type encrypted registered
Aug  9 12:44:00 travis-job-05c5efbc-0244-4c51-924d-d70269ba3868 kernel: [    3.229430] ima: No TPM chip found, activating TPM-bypass!
Aug  9 12:44:00 travis-job-05c5efbc-0244-4c51-924d-d70269ba3868 kernel: [    3.230470] evm: HMAC attrs: 0x1
Aug  9 12:44fined TSC clocksource calibration: 2499.768 MHz
Aug  9 12:44:00 travis-job-05c5efbc-0244-4c51-924d-d70269ba3868 kernel: [    3.985656] clocksource: tsc: mask: 0xffffffffffffffff max_cycles: 0x24085ee3cf2, max_idle_ns: 440795333760 ns
Aug  9 12:44:00 travis-job-05c5efbc-0244-4c51-924d-d70269ba3868 kernel: [    4.234069] input: ImExPS/2 Generic Explorer Mouse as /devices/platform/i8042/serio1/input/input4
Aug  9 12:44:00 travis-job-05c5efbc-0244-4c51-924d-d70269ba3868 kernel: [    6.311975] floppy0: no floppy controllers found
Aug  9 12:44:00 travis-job-05c5efbc-0244-4c51-924d-d70269ba3868 kernel: [    7.483843] raid6: sse2x1   gen()  9035 MB/s
Aug  9 12:44:00 travis-job-05c5efbc-0244-4c51-924d-d70269ba3868 kernel: [    7.551823] raid6: sse2x1   xor()  6949 MB/s
Aug  9 12:44:00 travis-job-05c5efbc-0244-4c51-924d-d70269ba3868 kernel: [    7.619829] raid6: sse2x2   gen() 11403 MB/s
Aug  9 12:44:00 travis-job-05c5efbc-0244-4c51-924d-d70269ba3868 kernel: [    7.687822] raid6: sse2x2   xor()  7690 MB/s
Aug  9 12:44:00 travis-job-05c5efbc-0244-4c51-924d-d70269ba3868 kernel: [    7.755827] raid6: sse2x4   gen() 12700 MB/s
Aug  9 12:44:00 travis-job-05c5efbc-0244-4c51-924d-d70269ba3868 kernel: [    7.823826] raid6: sse2x4   xor()  8534 MB/s
Aug  9 12:44:00 travis-job-05c5efbc-0244-4c51-924d-d70269ba3868 kernel: [    7.824752] raid6: using algorithm sse2x4 gen() 12700 MB/s
Aug  9 12:44:00 travis-job-05c5efbc-0244-4c51-924d-d70269ba3868 kernel: [    7.825726] raid6: .... xor() 8534 MB/s, rmw enabled
Aug  9 12:44:00 travis-job-05c5efbc-0244-4c51-924d-d70269ba3868 kernel: [    7.826554] raid6: using ssse3x2 recovery algorithm
emp: uninitialized urandom read (12 bytes read, 60 bits of entropy available)
Aug  9 12:44:00 travis-job-05c5efbc-0244-4c51-924d-d70269ba3868 kernel: [   10.080357] random: mktemp: uninitialized urandom read (6 bytes read, 60 bits of entropy available)
Aug  9 12:44:00 travis-job-05c5efbc-0244-4c51-924d-d70269ba3868 kernel: [   10.157470] EXT4-fs (sda1): resizing filesystem from 3931904 to 7864064 blocks
Aug  9 12:44:00 travis-job-05c5efbc-0244-4c51-924d-d70269ba3868 kernel: [   10.195874] EXT4-fs (sda1): resized filesystem to 7864064
Aug  9 12:44:00 travis-job-05c5efbc-0244-4c51-924d-d70269ba3868 kernel: [   10.452914] init: failsafe main process (1093) killed by TERM signal
Aug  9 12:44:00 travis-job-05c5efbc-0244-4c51-924d-d70269ba3868 rsyslogd-2039: Could no open output pipe '/dev/xconsole': No such file or directory [try http://www.rsyslog.com/e/2039 ]
Aug  9 12:44:01 travis-job-05c5efbc-0244-4c51-924d-d70269ba3868 instance-setup: INFO Running set_multiqueue.
Aug  9 12:44:01 travis-job-05c5efbc-0244-4c51-924d-d70269ba3868 instance-setup: INFO Set channels for eth0 to 4.
Aug  9 12:44:01 travis-job-05c5efbc-0244-4c51-924d-d70269ba3868 instance-setup: INFO Setting /proc/irq/25/smp_affinity_list to 0 for device virtio1.
Aug  9 12:44:01 travis-job-05c5efbc-0244-4c51-924d-d70269ba3868 instance-setup: INFO /proc/irq/25/smp_affinity_list: real affinity 0
Aug  9 12:44:01 travis-job-05c5efbc-0244-4c51-924d-d70269ba3868 instance-setup: INFO Setting /proc/irq/26/smp_affinity_list to 0 for device virtio1.
Aug  9 12:44:01 travis-job-05c5efbc-0244-4c51-924d-d70269ba3868 instance-setup: INFO /proc/irq/26/smp_affinity_list: reance-setup: INFO /proc/irq/32/smp_affinity_list: real affinity 3
Aug  9 12:44:01 travis-job-05c5efbc-0244-4c51-924d-d70269ba3868 instance-setup: INFO Queue 0 XPS=1 for /sys/class/net/eth0/queues/tx-0/xps_cpus
Aug  9 12:44:01 travis-job-05c5efbc-0244-4c51-924d-d70269ba3868 instance-setup: INFO Queue 1 XPS=2 for /sys/class/net/eth0/queues/tx-1/xps_cpus
Aug  9 12:44:01 travis-job-05c5efbc-0244-4c51-924d-d70269ba3868 instance-setup: INFO Queue 2 XPS=4 for /sys/class/net/eth0/queues/tx-2/xps_cpus
Aug  9 12:44:01 travis-job-05c5efbc-0244-4c51-924d-d70269ba3868 instance-setup: INFO Queue 3 XPS=8 for /sys/class/net/eth0/queues/tx-3/xps_cpus
Aug  9 12:44:01 travis-job-05c5efbc-0244-4c51-924d-d70269ba3868 google-clock-skew: INFO Clock drift token has changed: 0.
Aug  9 12:44:01 travis-job-05c5efbc-0244-4c51-924d-d70269ba3868 google-clock-skew: INFO Clock drift token has changed: 0.
Aug  9 12:44:01 travis-job-05c5efbc-0244-4c51-924d-d70269ba3868 google-accounts: INFO Starting Google Accounts daemon.
Aug  9 12:44:01 travis-job-05c5efbc-0244-4c51-924d-d70269ba3868 kernel: [   11.199401] random: nonblocking pool is initialized
Aug  9 12:44:01 travis-job-05c5efbc-0244-4c51-924d-d70269ba3868 google-accounts: INFO Creating a new user account for me.
Aug  9 12:44:01 travis-job-05c5efbc-0244-4c51-924d-d70269ba3868 google-accounts: INFO Created user account me.
Aug  9 12:44:01 travis-job-05c5efbc-0244-4c51-924d-d70269ba3868 google-accounts: INFO Creating a new user account for henrik.
Aug  9 12:44:01 travis-job-05c5efbc-0244-4c51-924d-d70269ba3868 google-ip-forwarding: INFO Starting Google IP Forwarding daemon.
Aug  9 12:44:01 travis-job-05c5efbc-0244-4c51-924d-d70269ba3868 google-accounts: INFO Created user account henrik.
Aug  9 12:44:01 travis-job-05c5efbc-0244-4c51-924d-d70269ba3868 google-accounts: INFO Creating a new user account for emma.
Aug  9 12:44:01 travis-job-05c5efbc-0244-4c51-924d-d70269ba3868 google-accounts: INFO Created user account emma.
Aug  9 12:44:01 travis-job-05c5efbc-0244-4c51-924d-d70269ba3868 google-accounts: INFO Creating a new user account for igor.
Aug  9 12:44:01 travis-job-05c5efbc-0244-4c51-924d-d70269ba3868 google-accounts: INFO Created user account igor.
Aug  9 12:44:01 travis-job-05c5efbc-0244-4c51-924d-d70269ba3868 google-accounts: INFO Creating a new user account for konstantinhaase.
Aug  9 12:44:01 travis-job-05c5efbc-0244-4c51-924d-d70269ba3868 google-accounts: INFO Created user account konstantinhaase.
Aug  9 12:44:01 travis-job-05c5efbc-0244-4c51-924d-d70269ba3868 google-accounts: INFO Creating a new user account for aj.
Aug  9 12:44:02 travis-job-05c5efbc-0244-4c51-924d-d70269ba3868 google-clock-skew: INFO Synced system time with hardware clock.
Aug  9 12:44:02 travis-job-05c5efbc-0244-4c51-924d-d70269ba3868 google-accounts: INFO Created user account aj.
Aug  9 12:44:02 travis-job-05c5efbc-0244-4c51-924d-d70269ba3868 cron[1439]: (CRON) INFO (pidfile fd = 3)
Aug  9 12:44:02 travis-job-05c5efbc-0244-4c51-924d-d70269ba3868 cron[1488]: (CRON) STARTUP (fork ok)
Aug  9 12:44:02 travis-job-05c5efbc-0244-4c51-924d-d70269ba3868 cron[1488]: (CRON) INFO (Running @reboot jobs)
Aug  9 12:44:02 travis-job-05c5efbc-0244-4c51-924d-d70269ba3868 pollinate: system was previously seeded at [2017-12-05 19:31:29.7159989c-0244-4c51-924d-d70269ba3868 ntpd[1881]: peers refreshed
Aug  9 12:44:32 travis-job-05c5efbc-0244-4c51-924d-d70269ba3868 ntpd[1881]: Listening on routing socket on fd #21 for interface updates
Aug  9 12:44:32 travis-job-05c5efbc-0244-4c51-924d-d70269ba3868 kernel: [   41.944934] init: plymouth-upstart-bridge main process ended, respawning
Aug  9 12:44:32 travis-job-05c5efbc-0244-4c51-924d-d70269ba3868 startup-script: INFO Found startup-script in metadata.
Aug  9 12:44:32 travis-job-05c5efbc-0244-4c51-924d-d70269ba3868 startup-script: INFO startup-script: warning: commands will be executed using /bin/sh
Aug  9 12:44:32 travis-job-05c5efbc-0244-4c51-924d-d70269ba3868 startup-script: INFO startup-script: job 1 at Thu Aug  9 15:54:00 2018
Aug  9 12:44:32 travis-job-05c5efbc-0244-4c51-924d-d70269ba3868 startup-script: INFO startup-script: Return code 0.
Aug  9 12:44:32 travis-job-05c5efbc-0244-4c51-924d-d70269ba3868 startup-script: INFO startup-script: Return code 0.
Aug  9 12:44:32 travis-job-05c5efbc-0244-4c51-924d-d70269ba3868 startup-script: INFO Finished running startup scripts.
Aug  9 12:44:32 travis-job-05c5efbc-0244-4c51-924d-d70269ba3868 ec2: 
Aug  9 12:44:32 travis-job-05c5efbc-0244-4c51-924d-d70269ba3868 ec2: #############################################################
Aug  9 12:44:32 travis-job-05c5efbc-0244-4c51-924d-d70269ba3868 ec2: -----BEGIN SSH HOST KEY FINGERPRINTS-----
Aug  9 12:44:32 travis-job-05c5efbc-0244-4c51-924d-d70269ba3868 ec2: 1024 c2:9f:b1:ee:be:77:34:46:4b:77:93:4a:e7:d4:41:d7  root@travis-job-05c5efbc-0244-4c51-924d-d70269ba3868 (DSA)
14164 ./src/tools/lld
13788 ./obj/build/x86_64-unknown-linux-gnu/stage0-bootstrap-tools/x86_64-unknown-linux-gnu
13784 ./obj/build/x86_64-unknown-linux-gnu/stage0-bootstrap-tools/x86_64-unknown-linux-gnu/release
12496 ./obj/build/x86_64-unknown-linux-gnu/stage0-bootstrap-tools/release
