
sander@nanopineo2:~$ uptime; free -h ; swapon -s
 12:02:46 up 13 days, 21:36,  2 users,  load average: 7.96, 8.55, 7.36
              total        used        free      shared  buff/cache   available
Mem:           478M        370M         34M        144K         73M         99M
Swap:          1.2G        316M        899M
Filename                                Type            Size    Used    Priority
/dev/zram1                              partition       245128  245128  5
/swapfile1                              file            1000104 78640   -2
sander@nanopineo2:~$
sander@nanopineo2:~$ uptime; free -h ; swapon -s
 12:03:55 up 13 days, 21:37,  2 users,  load average: 6.80, 8.06, 7.28
              total        used        free      shared  buff/cache   available
Mem:           478M        402M         18M        152K         57M         66M
Swap:          1.2G        328M        887M
Filename                                Type            Size    Used    Priority
/dev/zram1                              partition       245128  245128  5
/swapfile1                              file            1000104 94688   -2
sander@nanopineo2:~$
sander@nanopineo2:~$ uptime; free -h ; swapon -s
 12:04:46 up 13 days, 21:38,  2 users,  load average: 7.28, 8.02, 7.30
              total        used        free      shared  buff/cache   available
Mem:           478M        397M         16M        164K         64M         71M
Swap:          1.2G        343M        872M
Filename                                Type            Size    Used    Priority
/dev/zram1                              partition       245128  245128  5
/swapfile1                              file            1000104 111896  -2
sander@nanopineo2:~$
sander@nanopineo2:~$ uptime; free -h ; swapon -s
 12:08:38 up 13 days, 21:42,  2 users,  load average: 8.07, 7.75, 7.34
              total        used        free      shared  buff/cache   available
Mem:           478M        400M         14M        160K         64M         69M
Swap:          1.2G        401M        814M
Filename                                Type            Size    Used    Priority
/dev/zram1                              partition       245128  245128  5
/swapfile1                              file            1000104 166100  -2
sander@nanopineo2:~$
